Archive member included to satisfy reference by file (symbol)

C:/devkitPro/portlibs/3ds/lib\libpng.a(png.o)
                              simple_png.o (png_sig_cmp)
C:/devkitPro/portlibs/3ds/lib\libpng.a(pngerror.o)
                              C:/devkitPro/portlibs/3ds/lib\libpng.a(png.o) (png_safecat)
C:/devkitPro/portlibs/3ds/lib\libpng.a(pngget.o)
                              simple_png.o (png_get_valid)
C:/devkitPro/portlibs/3ds/lib\libpng.a(pngmem.o)
                              C:/devkitPro/portlibs/3ds/lib\libpng.a(png.o) (png_calloc)
C:/devkitPro/portlibs/3ds/lib\libpng.a(pngread.o)
                              simple_png.o (png_create_read_struct)
C:/devkitPro/portlibs/3ds/lib\libpng.a(pngrio.o)
                              simple_png.o (png_set_read_fn)
C:/devkitPro/portlibs/3ds/lib\libpng.a(pngrtran.o)
                              C:/devkitPro/portlibs/3ds/lib\libpng.a(pngread.o) (png_set_background_fixed)
C:/devkitPro/portlibs/3ds/lib\libpng.a(pngrutil.o)
                              C:/devkitPro/portlibs/3ds/lib\libpng.a(pngread.o) (png_read_sig)
C:/devkitPro/portlibs/3ds/lib\libpng.a(pngset.o)
                              C:/devkitPro/portlibs/3ds/lib\libpng.a(pngrutil.o) (png_set_bKGD)
C:/devkitPro/portlibs/3ds/lib\libpng.a(pngtrans.o)
                              C:/devkitPro/portlibs/3ds/lib\libpng.a(pngread.o) (png_set_bgr)
C:/devkitPro/portlibs/3ds/lib\libpng.a(pngwrite.o)
                              C:/devkitPro/portlibs/3ds/lib\libpng.a(png.o) (png_destroy_write_struct)
C:/devkitPro/portlibs/3ds/lib\libpng.a(pngwtran.o)
                              C:/devkitPro/portlibs/3ds/lib\libpng.a(pngwrite.o) (png_do_write_transformations)
C:/devkitPro/portlibs/3ds/lib\libpng.a(pngwutil.o)
                              C:/devkitPro/portlibs/3ds/lib\libpng.a(png.o) (png_save_uint_32)
C:/devkitPro/portlibs/3ds/lib\libpng.a(pngwio.o)
                              C:/devkitPro/portlibs/3ds/lib\libpng.a(pngwutil.o) (png_write_data)
C:/devkitPro/portlibs/3ds/lib\libz.a(crc32.o)
                              C:/devkitPro/portlibs/3ds/lib\libpng.a(png.o) (crc32)
C:/devkitPro/portlibs/3ds/lib\libz.a(deflate.o)
                              C:/devkitPro/portlibs/3ds/lib\libpng.a(pngwutil.o) (deflateReset)
C:/devkitPro/portlibs/3ds/lib\libz.a(inflate.o)
                              C:/devkitPro/portlibs/3ds/lib\libpng.a(png.o) (inflateReset)
C:/devkitPro/portlibs/3ds/lib\libz.a(inftrees.o)
                              C:/devkitPro/portlibs/3ds/lib\libz.a(inflate.o) (inflate_table)
C:/devkitPro/portlibs/3ds/lib\libz.a(trees.o)
                              C:/devkitPro/portlibs/3ds/lib\libz.a(deflate.o) (_length_code)
C:/devkitPro/portlibs/3ds/lib\libz.a(zutil.o)
                              C:/devkitPro/portlibs/3ds/lib\libz.a(deflate.o) (z_errmsg)
C:/devkitPro/portlibs/3ds/lib\libz.a(adler32.o)
                              C:/devkitPro/portlibs/3ds/lib\libz.a(deflate.o) (adler32)
C:/devkitPro/portlibs/3ds/lib\libz.a(inffast.o)
                              C:/devkitPro/portlibs/3ds/lib\libz.a(inflate.o) (inflate_fast)
C:/devkitPro/libctru/lib\libcitro2d.a(base.o)
                              main.o (C2D_Init)
C:/devkitPro/libctru/lib\libcitro2d.a(render2d.shbin.o)
                              C:/devkitPro/libctru/lib\libcitro2d.a(base.o) (render2d_shbin)
C:/devkitPro/libctru/lib\libcitro3d.a(attribs.o)
                              C:/devkitPro/libctru/lib\libcitro2d.a(base.o) (AttrInfo_Init)
C:/devkitPro/libctru/lib\libcitro3d.a(base.o)
                              C:/devkitPro/libctru/lib\libcitro3d.a(attribs.o) (__C3D_Context)
C:/devkitPro/libctru/lib\libcitro3d.a(buffers.o)
                              C:/devkitPro/libctru/lib\libcitro2d.a(base.o) (BufInfo_Init)
C:/devkitPro/libctru/lib\libcitro3d.a(drawElements.o)
                              C:/devkitPro/libctru/lib\libcitro2d.a(base.o) (C3D_DrawElements)
C:/devkitPro/libctru/lib\libcitro3d.a(effect.o)
                              C:/devkitPro/libctru/lib\libcitro3d.a(base.o) (C3D_DepthMap)
C:/devkitPro/libctru/lib\libcitro3d.a(framebuffer.o)
                              C:/devkitPro/libctru/lib\libcitro3d.a(base.o) (C3Di_FrameBufBind)
C:/devkitPro/libctru/lib\libcitro3d.a(immediate.o)
                              C:/devkitPro/libctru/lib\libcitro3d.a(base.o) (C3D_ImmSendAttrib)
C:/devkitPro/libctru/lib\libcitro3d.a(proctex.o)
                              C:/devkitPro/libctru/lib\libcitro2d.a(base.o) (C3D_ProcTexInit)
C:/devkitPro/libctru/lib\libcitro3d.a(renderqueue.o)
                              C:/devkitPro/libctru/lib\libcitro3d.a(base.o) (C3Di_RenderQueueEnableVBlank)
C:/devkitPro/libctru/lib\libcitro3d.a(texenv.o)
                              C:/devkitPro/libctru/lib\libcitro2d.a(base.o) (C3D_GetTexEnv)
C:/devkitPro/libctru/lib\libcitro3d.a(texture.o)
                              map_tiles.o (C3D_TexInitWithParams)
[...]
Memory Configuration

Name             Origin             Length             Attributes
*default*        0x00000000         0xffffffff

Linker script and memory map

                0x00000000                        __sync_synchronize = __sync_synchronize_dmb
                0x00100000                        PROVIDE (__start__ = 0x100000)
                0x00100000                        . = __start__

.text           0x00100000    0x41904
 *(.crt0)
 .crt0          0x00100000       0x94 C:/devkitPro/devkitARM/bin/../lib/gcc/arm-none-eabi/15.1.0/../../../../arm-none-eabi/lib/armv6k/fpu/3dsx_crt0.o
                0x00100000                _start
                0x00100008                __service_ptr
                0x0010000c                __apt_appid
                0x00100010                __heap_size
                0x00100014                __linear_heap_size
                0x00100018                __system_arglist
                0x0010001c                __system_runflags
 *(.init)
 .init          0x00100094        0xc C:/devkitPro/devkitARM/bin/../lib/gcc/arm-none-eabi/15.1.0/armv6k/fpu/crti.o
                0x00100094                _init
 .init          0x001000a0        0xc C:/devkitPro/devkitARM/bin/../lib/gcc/arm-none-eabi/15.1.0/armv6k/fpu/crtn.o
                0x001000ac                        . = ALIGN (0x4)
 *(.text)
 .text          0x001000ac      0x20c C:/devkitPro/devkitARM/bin/../lib/gcc/arm-none-eabi/15.1.0/armv6k/fpu\libgcc.a(_udivsi3.o)
                0x001000ac                __aeabi_uidiv
                0x001000ac                __udivsi3
                0x00100298                __aeabi_uidivmod
 .text          0x001002b8      0x240 C:/devkitPro/devkitARM/bin/../lib/gcc/arm-none-eabi/15.1.0/armv6k/fpu\libgcc.a(_divsi3.o)
                0x001002b8                __divsi3
                0x001002b8                __aeabi_idiv
                0x001004d8                __aeabi_idivmod
 .text          0x001004f8        0x4 C:/devkitPro/devkitARM/bin/../lib/gcc/arm-none-eabi/15.1.0/armv6k/fpu\libgcc.a(_dvmd_tls.o)
                0x001004f8                __aeabi_idiv0
                0x001004f8                __aeabi_ldiv0
 .text          0x001004fc      0x3c0 C:/devkitPro/devkitARM/bin/../lib/gcc/arm-none-eabi/15.1.0/armv6k/fpu\libgcc.a(_arm_addsubdf3.o)
                0x001004fc                __aeabi_drsub
                0x00100504                __aeabi_dsub
                0x00100504                __subdf3
                0x00100508                __aeabi_dadd
                0x00100508                __adddf3
                0x001007b4                __floatunsidf
                0x001007b4                __aeabi_ui2d
                0x001007d8                __floatsidf
                0x001007d8                __aeabi_i2d
                0x00100800                __aeabi_f2d
                0x00100800                __extendsfdf2
                0x00100848                __floatundidf
                0x00100848                __aeabi_ul2d
                0x0010085c                __floatdidf
                0x0010085c                __aeabi_l2d
 .text          0x001008bc       0x3c C:/devkitPro/devkitARM/bin/../lib/gcc/arm-none-eabi/15.1.0/armv6k/fpu\libgcc.a(_aeabi_uldivmod.o)
                0x001008bc                __aeabi_uldivmod
 *fill*         0x001008f8        0x8 
 .text          0x00100900      0x390 C:/devkitPro/devkitARM/bin/../lib/gcc/arm-none-eabi/15.1.0/../../../../arm-none-eabi/lib/armv6k/fpu\libg.a(libc_a-strcmp.o)
                0x00100908                strcmp
 .text          0x00100c90       0x34 C:/devkitPro/devkitARM/bin/../lib/gcc/arm-none-eabi/15.1.0/../../../../arm-none-eabi/lib/armv6k/fpu\libg.a(libc_a-setjmp.o)
                0x00100c90                setjmp
                0x00100ca8                longjmp
 .text          0x00100cc4      0x1a8 C:/devkitPro/devkitARM/bin/../lib/gcc/arm-none-eabi/15.1.0/armv6k/fpu\libgcc.a(libunwind.o)
                0x00100cc4                __restore_core_regs
                0x00100cc4                restore_core_regs
                0x00100cd8                __gnu_Unwind_Restore_VFP
                0x00100ce0                __gnu_Unwind_Save_VFP
                0x00100ce8                __gnu_Unwind_Restore_VFP_D
                0x00100cf0                __gnu_Unwind_Save_VFP_D
                0x00100cf8                __gnu_Unwind_Restore_VFP_D_16_to_31
                0x00100d00                __gnu_Unwind_Save_VFP_D_16_to_31
                0x00100d08                __gnu_Unwind_Restore_WMMXD
                0x00100d4c                __gnu_Unwind_Save_WMMXD
                0x00100d90                __gnu_Unwind_Restore_WMMXC
                0x00100da4                __gnu_Unwind_Save_WMMXC
                0x00100db8                ___Unwind_RaiseException
                0x00100db8                _Unwind_RaiseException
                0x00100ddc                _Unwind_Resume
                0x00100ddc                ___Unwind_Resume
                0x00100e00                _Unwind_Resume_or_Rethrow
                0x00100e00                ___Unwind_Resume_or_Rethrow
                0x00100e24                _Unwind_ForcedUnwind
                0x00100e24                ___Unwind_ForcedUnwind
                0x00100e48                ___Unwind_Backtrace
                0x00100e48                _Unwind_Backtrace
 *(.text.*)
 .text.__do_global_dtors_aux
                0x00100e6c       0x50 C:/devkitPro/devkitARM/bin/../lib/gcc/arm-none-eabi/15.1.0/armv6k/fpu/crtbegin.o
 .text.frame_dummy
                0x00100ebc       0x2c C:/devkitPro/devkitARM/bin/../lib/gcc/arm-none-eabi/15.1.0/armv6k/fpu/crtbegin.o
 .text.parse_nmea_coord
                0x00100ee8       0x90 gps.o
 .text.gps_init
                0x00100f78      0x334 gps.o
                0x00100f78                gps_init
 .text.gps_cleanup
                0x001012ac       0x7c gps.o
                0x001012ac                gps_cleanup
 .text.gps_update
                0x00101328      0x2d4 gps.o
                0x00101328                gps_update
 .text.gps_has_fix
                0x001015fc       0x10 gps.o
                0x001015fc                gps_has_fix
 .text.gps_get_position
                0x0010160c       0x34 gps.o
                0x0010160c                gps_get_position
 .text.gps_is_connected
                0x00101640       0x28 gps.o
                0x00101640                gps_is_connected
 .text.open_address_search
                0x00101668      0x728 main.o
 .text.init_graphics
                0x00101d90       0x34 main.o
                0x00101d90                init_graphics
 *fill*         0x00101dc4        0x4 
 .text.pan_map  0x00101dc8      0x13c main.o
                0x00101dc8                pan_map
 .text.handle_touch_input
                0x00101f04       0x84 main.o
                0x00101f04                handle_touch_input
 .text.update_input
                0x00101f88      0x2f0 main.o
                0x00101f88                update_input
 .text.render_map
                0x00102278      0x1b8 main.o
                0x00102278                render_map
 .text.startup.main
                0x00102430      0x388 main.o
                0x00102430                main
 .text.free_cached_tile
                0x001027b8       0x5c map_tiles.o
 .text.map_tiles_init
                0x00102814       0x40 map_tiles.o
                0x00102814                map_tiles_init
 .text.map_tiles_cleanup
                0x00102854       0x80 map_tiles.o
                0x00102854                map_tiles_cleanup
 .text.map_tiles_clear_cache
                0x001028d4       0x7c map_tiles.o
                0x001028d4                map_tiles_clear_cache
 .text.lat_lon_to_tile
                0x00102950       0xa8 map_tiles.o
                0x00102950                lat_lon_to_tile
 .text.lat_lon_to_pixel
                0x001029f8       0xd0 map_tiles.o
                0x001029f8                lat_lon_to_pixel
 .text.map_tiles_render
                0x00102ac8      0x890 map_tiles.o
                0x00102ac8                map_tiles_render
 .text.network_set_disk_cache_enabled
                0x00103358       0x10 network.o
                0x00103358                network_set_disk_cache_enabled
 .text.network_get_disk_cache_enabled
                0x00103368       0x10 network.o
                0x00103368                network_get_disk_cache_enabled
 .text.network_init
                0x00103378       0xcc network.o
                0x00103378                network_init
 .text.network_cleanup
                0x00103444       0x2c network.o
                0x00103444                network_cleanup
 .text.download_url
                0x00103470      0x260 network.o
                0x00103470                download_url
 .text.download_tile
                0x001036d0      0x380 network.o
                0x001036d0                download_tile
 .text.is_connected
                0x00103a50       0x4c network.o
                0x00103a50                is_connected
 .text.png_read_from_memory
                0x00103a9c       0x5c simple_png.o
 .text.decode_png
                0x00103af8      0x454 simple_png.o
                0x00103af8                decode_png
 .text.free_png_data
                0x00103f4c        0xc simple_png.o
                0x00103f4c                free_png_data
 .text.png_fp_sub
                0x00103f58       0x40 C:/devkitPro/portlibs/3ds/lib\libpng.a(png.o)
 .text.png_zalloc
                0x00103f98       0x6c C:/devkitPro/portlibs/3ds/lib\libpng.a(png.o)
                0x00103f98                png_zalloc
 .text.png_zfree
                0x00104004        0x4 C:/devkitPro/portlibs/3ds/lib\libpng.a(png.o)
                0x00104004                png_zfree
 .text.png_build_16bit_table
                0x00104008      0x1ac C:/devkitPro/portlibs/3ds/lib\libpng.a(png.o)
 .text.png_free_data.part.0
                0x001041b4      0x4d0 C:/devkitPro/portlibs/3ds/lib\libpng.a(png.o)
 *fill*         0x00104684        0x4 
 .text.png_muldiv.part.0
                0x00104688       0xb0 C:/devkitPro/portlibs/3ds/lib\libpng.a(png.o)
 .text.png_gamma_8bit_correct.part.0
                0x00104738       0x70 C:/devkitPro/portlibs/3ds/lib\libpng.a(png.o)
 .text.png_build_8bit_table
                0x001047a8       0x88 C:/devkitPro/portlibs/3ds/lib\libpng.a(png.o)
 .text.png_gamma_16bit_correct.part.0
                0x00104830       0x68 C:/devkitPro/portlibs/3ds/lib\libpng.a(png.o)
 .text.png_icc_profile_error.isra.0
                0x00104898      0x1a4 C:/devkitPro/portlibs/3ds/lib\libpng.a(png.o)
 .text.png_sig_cmp
                0x00104a3c       0x4c C:/devkitPro/portlibs/3ds/lib\libpng.a(png.o)
                0x00104a3c                png_sig_cmp
 .text.png_reset_crc
                0x00104a88       0x20 C:/devkitPro/portlibs/3ds/lib\libpng.a(png.o)
                0x00104a88                png_reset_crc
 .text.png_calculate_crc
                0x00104aa8       0x60 C:/devkitPro/portlibs/3ds/lib\libpng.a(png.o)
                0x00104aa8                png_calculate_crc
 .text.png_user_version_check
                0x00104b08      0x104 C:/devkitPro/portlibs/3ds/lib\libpng.a(png.o)
                0x00104b08                png_user_version_check
 .text.png_create_png_struct
                0x00104c0c      0x118 C:/devkitPro/portlibs/3ds/lib\libpng.a(png.o)
                0x00104c0c                png_create_png_struct
 .text.png_create_info_struct
                0x00104d24       0x48 C:/devkitPro/portlibs/3ds/lib\libpng.a(png.o)
                0x00104d24                png_create_info_struct
 .text.png_destroy_info_struct
                0x00104d6c       0x60 C:/devkitPro/portlibs/3ds/lib\libpng.a(png.o)
                0x00104d6c                png_destroy_info_struct
 .text.png_free_data
                0x00104dcc       0x10 C:/devkitPro/portlibs/3ds/lib\libpng.a(png.o)
                0x00104dcc                png_free_data
 .text.png_get_io_ptr
                0x00104ddc        0xc C:/devkitPro/portlibs/3ds/lib\libpng.a(png.o)
                0x00104ddc                png_get_io_ptr
 .text.png_handle_as_unknown
                0x00104de8       0xb0 C:/devkitPro/portlibs/3ds/lib\libpng.a(png.o)
                0x00104de8                png_handle_as_unknown
 .text.png_chunk_unknown_handling
                0x00104e98       0x28 C:/devkitPro/portlibs/3ds/lib\libpng.a(png.o)
                0x00104e98                png_chunk_unknown_handling
 .text.png_zstream_error
                0x00104ec0       0xcc C:/devkitPro/portlibs/3ds/lib\libpng.a(png.o)
                0x00104ec0                png_zstream_error
 .text.png_icc_check_length
                0x00104f8c       0x48 C:/devkitPro/portlibs/3ds/lib\libpng.a(png.o)
                0x00104f8c                png_icc_check_length
 .text.png_icc_check_header
                0x00104fd4      0x360 C:/devkitPro/portlibs/3ds/lib\libpng.a(png.o)
                0x00104fd4                png_icc_check_header
 .text.png_icc_check_tag_table
                0x00105334       0xb8 C:/devkitPro/portlibs/3ds/lib\libpng.a(png.o)
                0x00105334                png_icc_check_tag_table
 .text.png_check_IHDR
                0x001053ec      0x390 C:/devkitPro/portlibs/3ds/lib\libpng.a(png.o)
                0x001053ec                png_check_IHDR
 .text.png_check_fp_number
                0x0010577c      0x15c C:/devkitPro/portlibs/3ds/lib\libpng.a(png.o)
                0x0010577c                png_check_fp_number
 .text.png_check_fp_string
                0x001058d8       0x5c C:/devkitPro/portlibs/3ds/lib\libpng.a(png.o)
                0x001058d8                png_check_fp_string
 *fill*         0x00105934        0x4 
 .text.png_muldiv
                0x00105938       0xc0 C:/devkitPro/portlibs/3ds/lib\libpng.a(png.o)
                0x00105938                png_muldiv
 .text.png_reciprocal
                0x001059f8       0x78 C:/devkitPro/portlibs/3ds/lib\libpng.a(png.o)
                0x001059f8                png_reciprocal
 .text.png_XYZ_from_xy
                0x00105a70      0x4b0 C:/devkitPro/portlibs/3ds/lib\libpng.a(png.o)
                0x00105a70                png_XYZ_from_xy
 .text.png_set_rgb_coefficients
                0x00105f20      0x250 C:/devkitPro/portlibs/3ds/lib\libpng.a(png.o)
                0x00105f20                png_set_rgb_coefficients
 .text.png_gamma_significant
                0x00106170       0x20 C:/devkitPro/portlibs/3ds/lib\libpng.a(png.o)
                0x00106170                png_gamma_significant
 .text.png_reciprocal2
                0x00106190       0xa0 C:/devkitPro/portlibs/3ds/lib\libpng.a(png.o)
                0x00106190                png_reciprocal2
 .text.png_gamma_8bit_correct
                0x00106230       0x18 C:/devkitPro/portlibs/3ds/lib\libpng.a(png.o)
                0x00106230                png_gamma_8bit_correct
 .text.png_gamma_correct
                0x00106248       0x5c C:/devkitPro/portlibs/3ds/lib\libpng.a(png.o)
                0x00106248                png_gamma_correct
 .text.png_destroy_gamma_table
                0x001062a4      0x134 C:/devkitPro/portlibs/3ds/lib\libpng.a(png.o)
                0x001062a4                png_destroy_gamma_table
 .text.png_build_gamma_table
                0x001063d8      0x458 C:/devkitPro/portlibs/3ds/lib\libpng.a(png.o)
                0x001063d8                png_build_gamma_table
 .text.png_format_buffer.isra.0
                0x00106830       0xe4 C:/devkitPro/portlibs/3ds/lib\libpng.a(pngerror.o)
 .text.png_safecat
                0x00106914       0x74 C:/devkitPro/portlibs/3ds/lib\libpng.a(pngerror.o)
                0x00106914                png_safecat
 .text.png_format_number
                0x00106988      0x2a0 C:/devkitPro/portlibs/3ds/lib\libpng.a(pngerror.o)
                0x00106988                png_format_number
 .text.png_warning
                0x00106c28       0x90 C:/devkitPro/portlibs/3ds/lib\libpng.a(pngerror.o)
                0x00106c28                png_warning
 .text.png_chunk_warning
                0x00106cb8       0x6c C:/devkitPro/portlibs/3ds/lib\libpng.a(pngerror.o)
                0x00106cb8                png_chunk_warning
 .text.png_free_jmpbuf
                0x00106d24       0x94 C:/devkitPro/portlibs/3ds/lib\libpng.a(pngerror.o)
                0x00106d24                png_free_jmpbuf
 .text.png_longjmp
                0x00106db8       0x2c C:/devkitPro/portlibs/3ds/lib\libpng.a(pngerror.o)
                0x00106db8                png_longjmp
 .text.png_default_error
                0x00106de4       0x50 C:/devkitPro/portlibs/3ds/lib\libpng.a(pngerror.o)
 .text.png_error
                0x00106e34       0x2c C:/devkitPro/portlibs/3ds/lib\libpng.a(pngerror.o)
                0x00106e34                png_error
 .text.png_app_warning
                0x00106e60       0x18 C:/devkitPro/portlibs/3ds/lib\libpng.a(pngerror.o)
                0x00106e60                png_app_warning
 .text.png_app_error
                0x00106e78       0x18 C:/devkitPro/portlibs/3ds/lib\libpng.a(pngerror.o)
                0x00106e78                png_app_error
 .text.png_set_longjmp_fn
                0x00106e90       0xc4 C:/devkitPro/portlibs/3ds/lib\libpng.a(pngerror.o)
                0x00106e90                png_set_longjmp_fn
 .text.png_chunk_error
                0x00106f54       0x2c C:/devkitPro/portlibs/3ds/lib\libpng.a(pngerror.o)
                0x00106f54                png_chunk_error
 .text.png_chunk_benign_error
                0x00106f80       0x18 C:/devkitPro/portlibs/3ds/lib\libpng.a(pngerror.o)
                0x00106f80                png_chunk_benign_error
 .text.png_benign_error
                0x00106f98       0x70 C:/devkitPro/portlibs/3ds/lib\libpng.a(pngerror.o)
                0x00106f98                png_benign_error
 .text.png_chunk_report
                0x00107008       0x78 C:/devkitPro/portlibs/3ds/lib\libpng.a(pngerror.o)
                0x00107008                png_chunk_report
 .text.png_set_error_fn
                0x00107080       0x10 C:/devkitPro/portlibs/3ds/lib\libpng.a(pngerror.o)
                0x00107080                png_set_error_fn
 .text.png_get_valid
                0x00107090       0x40 C:/devkitPro/portlibs/3ds/lib\libpng.a(pngget.o)
                0x00107090                png_get_valid
 .text.png_get_image_width
                0x001070d0       0x18 C:/devkitPro/portlibs/3ds/lib\libpng.a(pngget.o)
                0x001070d0                png_get_image_width
 .text.png_get_image_height
                0x001070e8       0x18 C:/devkitPro/portlibs/3ds/lib\libpng.a(pngget.o)
                0x001070e8                png_get_image_height
 .text.png_get_bit_depth
                0x00107100       0x18 C:/devkitPro/portlibs/3ds/lib\libpng.a(pngget.o)
                0x00107100                png_get_bit_depth
 .text.png_get_color_type
                0x00107118       0x18 C:/devkitPro/portlibs/3ds/lib\libpng.a(pngget.o)
                0x00107118                png_get_color_type
 .text.png_destroy_png_struct
                0x00107130       0x64 C:/devkitPro/portlibs/3ds/lib\libpng.a(pngmem.o)
                0x00107130                png_destroy_png_struct
 .text.png_calloc
                0x00107194       0x7c C:/devkitPro/portlibs/3ds/lib\libpng.a(pngmem.o)
                0x00107194                png_calloc
 .text.png_malloc_base
                0x00107210       0x24 C:/devkitPro/portlibs/3ds/lib\libpng.a(pngmem.o)
                0x00107210                png_malloc_base
 .text.png_malloc_array
                0x00107234       0x64 C:/devkitPro/portlibs/3ds/lib\libpng.a(pngmem.o)
                0x00107234                png_malloc_array
 .text.png_realloc_array
                0x00107298      0x11c C:/devkitPro/portlibs/3ds/lib\libpng.a(pngmem.o)
                0x00107298                png_realloc_array
 .text.png_malloc
                0x001073b4       0x54 C:/devkitPro/portlibs/3ds/lib\libpng.a(pngmem.o)
                0x001073b4                png_malloc
 .text.png_malloc_warn
                0x00107408       0x6c C:/devkitPro/portlibs/3ds/lib\libpng.a(pngmem.o)
                0x00107408                png_malloc_warn
 .text.png_free
                0x00107474       0x24 C:/devkitPro/portlibs/3ds/lib\libpng.a(pngmem.o)
                0x00107474                png_free
 .text.png_set_mem_fn
                0x00107498       0x14 C:/devkitPro/portlibs/3ds/lib\libpng.a(pngmem.o)
                0x00107498                png_set_mem_fn
 .text.png_read_info.part.0
                0x001074ac      0x15c C:/devkitPro/portlibs/3ds/lib\libpng.a(pngread.o)
 .text.png_read_end.part.0
                0x00107608      0x1d8 C:/devkitPro/portlibs/3ds/lib\libpng.a(pngread.o)
 .text.png_create_read_struct
                0x001077e0       0x58 C:/devkitPro/portlibs/3ds/lib\libpng.a(pngread.o)
                0x001077e0                png_create_read_struct
 .text.png_read_info
                0x00107838       0x10 C:/devkitPro/portlibs/3ds/lib\libpng.a(pngread.o)
                0x00107838                png_read_info
 .text.png_read_update_info
                0x00107848       0x44 C:/devkitPro/portlibs/3ds/lib\libpng.a(pngread.o)
                0x00107848                png_read_update_info
 .text.png_read_row
                0x0010788c      0x440 C:/devkitPro/portlibs/3ds/lib\libpng.a(pngread.o)
                0x0010788c                png_read_row
 .text.png_read_image
                0x00107ccc       0xd4 C:/devkitPro/portlibs/3ds/lib\libpng.a(pngread.o)
                0x00107ccc                png_read_image
 .text.png_read_end
                0x00107da0        0xc C:/devkitPro/portlibs/3ds/lib\libpng.a(pngread.o)
                0x00107da0                png_read_end
 .text.png_destroy_read_struct
                0x00107dac      0x16c C:/devkitPro/portlibs/3ds/lib\libpng.a(pngread.o)
                0x00107dac                png_destroy_read_struct
 .text.png_default_read_data
                0x00107f18       0x3c C:/devkitPro/portlibs/3ds/lib\libpng.a(pngrio.o)
                0x00107f18                png_default_read_data
 .text.png_read_data
                0x00107f54       0x20 C:/devkitPro/portlibs/3ds/lib\libpng.a(pngrio.o)
                0x00107f54                png_read_data
 .text.png_set_read_fn
                0x00107f74       0x6c C:/devkitPro/portlibs/3ds/lib\libpng.a(pngrio.o)
                0x00107f74                png_set_read_fn
 .text.png_do_gray_to_rgb
                0x00107fe0      0x20c C:/devkitPro/portlibs/3ds/lib\libpng.a(pngrtran.o)
 .text.png_do_expand
                0x001081ec      0x5ec C:/devkitPro/portlibs/3ds/lib\libpng.a(pngrtran.o)
 .text.png_set_strip_16
                0x001087d8       0x38 C:/devkitPro/portlibs/3ds/lib\libpng.a(pngrtran.o)
                0x001087d8                png_set_strip_16
 .text.png_set_palette_to_rgb
                0x00108810       0x3c C:/devkitPro/portlibs/3ds/lib\libpng.a(pngrtran.o)
                0x00108810                png_set_palette_to_rgb
 .text.png_set_expand_gray_1_2_4_to_8
                0x0010884c       0x38 C:/devkitPro/portlibs/3ds/lib\libpng.a(pngrtran.o)
                0x0010884c                png_set_expand_gray_1_2_4_to_8
 .text.png_set_tRNS_to_alpha
                0x00108884       0x3c C:/devkitPro/portlibs/3ds/lib\libpng.a(pngrtran.o)
                0x00108884                png_set_tRNS_to_alpha
 .text.png_set_gray_to_rgb
                0x001088c0       0x38 C:/devkitPro/portlibs/3ds/lib\libpng.a(pngrtran.o)
                0x001088c0                png_set_gray_to_rgb
 .text.png_init_read_transformations
                0x001088f8      0xecc C:/devkitPro/portlibs/3ds/lib\libpng.a(pngrtran.o)
                0x001088f8                png_init_read_transformations
 .text.png_read_transform_info
                0x001097c4      0x2c8 C:/devkitPro/portlibs/3ds/lib\libpng.a(pngrtran.o)
                0x001097c4                png_read_transform_info
 .text.png_do_read_transformations
                0x00109a8c     0x2e34 C:/devkitPro/portlibs/3ds/lib\libpng.a(pngrtran.o)
                0x00109a8c                png_do_read_transformations
 .text.png_read_filter_row_sub
                0x0010c8c0       0x3c C:/devkitPro/portlibs/3ds/lib\libpng.a(pngrutil.o)
 .text.png_read_filter_row_up
                0x0010c8fc       0x30 C:/devkitPro/portlibs/3ds/lib\libpng.a(pngrutil.o)
 .text.png_read_filter_row_avg
                0x0010c92c       0x84 C:/devkitPro/portlibs/3ds/lib\libpng.a(pngrutil.o)
 .text.png_read_filter_row_paeth_1byte_pixel
                0x0010c9b0       0x88 C:/devkitPro/portlibs/3ds/lib\libpng.a(pngrutil.o)
 .text.png_read_filter_row_paeth_multibyte_pixel
                0x0010ca38       0xd0 C:/devkitPro/portlibs/3ds/lib\libpng.a(pngrutil.o)
 .text.png_read_buffer
                0x0010cb08       0xac C:/devkitPro/portlibs/3ds/lib\libpng.a(pngrutil.o)
 .text.png_inflate_claim
                0x0010cbb4       0xfc C:/devkitPro/portlibs/3ds/lib\libpng.a(pngrutil.o)
 .text.png_inflate.constprop.0
                0x0010ccb0      0x190 C:/devkitPro/portlibs/3ds/lib\libpng.a(pngrutil.o)
 .text.png_decompress_chunk.constprop.0
                0x0010ce40      0x200 C:/devkitPro/portlibs/3ds/lib\libpng.a(pngrutil.o)
 .text.png_crc_finish_critical
                0x0010d040      0x19c C:/devkitPro/portlibs/3ds/lib\libpng.a(pngrutil.o)
 .text.png_handle_IEND
                0x0010d1dc       0x54 C:/devkitPro/portlibs/3ds/lib\libpng.a(pngrutil.o)
 .text.png_handle_PLTE
                0x0010d230      0x28c C:/devkitPro/portlibs/3ds/lib\libpng.a(pngrutil.o)
 .text.png_handle_hIST
                0x0010d4bc       0xd8 C:/devkitPro/portlibs/3ds/lib\libpng.a(pngrutil.o)
 .text.png_inflate_read.constprop.0.isra.0
                0x0010d594      0x164 C:/devkitPro/portlibs/3ds/lib\libpng.a(pngrutil.o)
 .text.png_handle_tIME
                0x0010d6f8       0x90 C:/devkitPro/portlibs/3ds/lib\libpng.a(pngrutil.o)
 .text.png_handle_cICP
                0x0010d788       0x78 C:/devkitPro/portlibs/3ds/lib\libpng.a(pngrutil.o)
 .text.png_handle_sRGB
                0x0010d800       0xb0 C:/devkitPro/portlibs/3ds/lib\libpng.a(pngrutil.o)
 .text.png_handle_gAMA
                0x0010d8b0       0xa0 C:/devkitPro/portlibs/3ds/lib\libpng.a(pngrutil.o)
 .text.png_handle_cLLI
                0x0010d950       0x70 C:/devkitPro/portlibs/3ds/lib\libpng.a(pngrutil.o)
 .text.png_handle_pHYs
                0x0010d9c0       0x78 C:/devkitPro/portlibs/3ds/lib\libpng.a(pngrutil.o)
 .text.png_handle_IHDR
                0x0010da38      0x13c C:/devkitPro/portlibs/3ds/lib\libpng.a(pngrutil.o)
 .text.png_handle_eXIf
                0x0010db74       0xd8 C:/devkitPro/portlibs/3ds/lib\libpng.a(pngrutil.o)
 .text.png_handle_oFFs
                0x0010dc4c       0xa4 C:/devkitPro/portlibs/3ds/lib\libpng.a(pngrutil.o)
 .text.png_handle_tEXt
                0x0010dcf0      0x174 C:/devkitPro/portlibs/3ds/lib\libpng.a(pngrutil.o)
 .text.png_handle_sBIT
                0x0010de64      0x144 C:/devkitPro/portlibs/3ds/lib\libpng.a(pngrutil.o)
 .text.png_handle_mDCV
                0x0010dfa8      0x13c C:/devkitPro/portlibs/3ds/lib\libpng.a(pngrutil.o)
 .text.png_handle_zTXt
                0x0010e0e4      0x214 C:/devkitPro/portlibs/3ds/lib\libpng.a(pngrutil.o)
 .text.png_handle_sCAL
                0x0010e2f8      0x1c0 C:/devkitPro/portlibs/3ds/lib\libpng.a(pngrutil.o)
 .text.png_handle_cHRM
                0x0010e4b8      0x16c C:/devkitPro/portlibs/3ds/lib\libpng.a(pngrutil.o)
 .text.png_handle_iTXt
                0x0010e624      0x310 C:/devkitPro/portlibs/3ds/lib\libpng.a(pngrutil.o)
 .text.png_handle_sPLT
                0x0010e934      0x2f4 C:/devkitPro/portlibs/3ds/lib\libpng.a(pngrutil.o)
 .text.png_handle_pCAL
                0x0010ec28      0x2ac C:/devkitPro/portlibs/3ds/lib\libpng.a(pngrutil.o)
 .text.png_handle_bKGD
                0x0010eed4      0x21c C:/devkitPro/portlibs/3ds/lib\libpng.a(pngrutil.o)
 .text.png_cache_unknown_chunk
                0x0010f0f0       0xfc C:/devkitPro/portlibs/3ds/lib\libpng.a(pngrutil.o)
 .text.png_handle_iCCP
                0x0010f1ec      0x44c C:/devkitPro/portlibs/3ds/lib\libpng.a(pngrutil.o)
 .text.png_handle_tRNS
                0x0010f638      0x1fc C:/devkitPro/portlibs/3ds/lib\libpng.a(pngrutil.o)
 .text.png_read_sig
                0x0010f834       0xc4 C:/devkitPro/portlibs/3ds/lib\libpng.a(pngrutil.o)
                0x0010f834                png_read_sig
 .text.png_read_chunk_header
                0x0010f8f8       0xfc C:/devkitPro/portlibs/3ds/lib\libpng.a(pngrutil.o)
                0x0010f8f8                png_read_chunk_header
 .text.png_crc_finish
                0x0010f9f4        0x8 C:/devkitPro/portlibs/3ds/lib\libpng.a(pngrutil.o)
                0x0010f9f4                png_crc_finish
 .text.png_handle_unknown
                0x0010f9fc      0x208 C:/devkitPro/portlibs/3ds/lib\libpng.a(pngrutil.o)
                0x0010f9fc                png_handle_unknown
 .text.png_handle_chunk
                0x0010fc04      0x5a4 C:/devkitPro/portlibs/3ds/lib\libpng.a(pngrutil.o)
                0x0010fc04                png_handle_chunk
 .text.png_combine_row
                0x001101a8      0x4e0 C:/devkitPro/portlibs/3ds/lib\libpng.a(pngrutil.o)
                0x001101a8                png_combine_row
 .text.png_do_read_interlace
                0x00110688      0x408 C:/devkitPro/portlibs/3ds/lib\libpng.a(pngrutil.o)
                0x00110688                png_do_read_interlace
 .text.png_read_filter_row
                0x00110a90       0x8c C:/devkitPro/portlibs/3ds/lib\libpng.a(pngrutil.o)
                0x00110a90                png_read_filter_row
 .text.png_read_IDAT_data
                0x00110b1c      0x2c0 C:/devkitPro/portlibs/3ds/lib\libpng.a(pngrutil.o)
                0x00110b1c                png_read_IDAT_data
 .text.png_read_finish_IDAT
                0x00110ddc       0xa0 C:/devkitPro/portlibs/3ds/lib\libpng.a(pngrutil.o)
                0x00110ddc                png_read_finish_IDAT
 .text.png_read_finish_row
                0x00110e7c      0x12c C:/devkitPro/portlibs/3ds/lib\libpng.a(pngrutil.o)
                0x00110e7c                png_read_finish_row
 .text.png_read_start_row
                0x00110fa8      0x48c C:/devkitPro/portlibs/3ds/lib\libpng.a(pngrutil.o)
                0x00110fa8                png_read_start_row
 .text.check_location
                0x00111434       0x74 C:/devkitPro/portlibs/3ds/lib\libpng.a(pngset.o)
 .text.png_set_bKGD
                0x001114a8       0x48 C:/devkitPro/portlibs/3ds/lib\libpng.a(pngset.o)
                0x001114a8                png_set_bKGD
 .text.png_set_cHRM_fixed
                0x001114f0       0x54 C:/devkitPro/portlibs/3ds/lib\libpng.a(pngset.o)
                0x001114f0                png_set_cHRM_fixed
 .text.png_set_cICP
                0x00111544       0x50 C:/devkitPro/portlibs/3ds/lib\libpng.a(pngset.o)
                0x00111544                png_set_cICP
 .text.png_set_cLLI_fixed
                0x00111594       0x3c C:/devkitPro/portlibs/3ds/lib\libpng.a(pngset.o)
                0x00111594                png_set_cLLI_fixed
 .text.png_set_mDCV_fixed
                0x001115d0      0x148 C:/devkitPro/portlibs/3ds/lib\libpng.a(pngset.o)
                0x001115d0                png_set_mDCV_fixed
 .text.png_set_eXIf_1
                0x00111718       0x9c C:/devkitPro/portlibs/3ds/lib\libpng.a(pngset.o)
                0x00111718                png_set_eXIf_1
 .text.png_set_gAMA_fixed
                0x001117b4       0x1c C:/devkitPro/portlibs/3ds/lib\libpng.a(pngset.o)
                0x001117b4                png_set_gAMA_fixed
 .text.png_set_hIST
                0x001117d0       0xac C:/devkitPro/portlibs/3ds/lib\libpng.a(pngset.o)
                0x001117d0                png_set_hIST
 .text.png_set_IHDR
                0x0011187c       0xe8 C:/devkitPro/portlibs/3ds/lib\libpng.a(pngset.o)
                0x0011187c                png_set_IHDR
 .text.png_set_oFFs
                0x00111964       0x2c C:/devkitPro/portlibs/3ds/lib\libpng.a(pngset.o)
                0x00111964                png_set_oFFs
 .text.png_set_pCAL
                0x00111990      0x288 C:/devkitPro/portlibs/3ds/lib\libpng.a(pngset.o)
                0x00111990                png_set_pCAL
 .text.png_set_sCAL_s
                0x00111c18      0x174 C:/devkitPro/portlibs/3ds/lib\libpng.a(pngset.o)
                0x00111c18                png_set_sCAL_s
 .text.png_set_pHYs
                0x00111d8c       0x2c C:/devkitPro/portlibs/3ds/lib\libpng.a(pngset.o)
                0x00111d8c                png_set_pHYs
 .text.png_set_PLTE
                0x00111db8      0x13c C:/devkitPro/portlibs/3ds/lib\libpng.a(pngset.o)
                0x00111db8                png_set_PLTE
 .text.png_set_sBIT
                0x00111ef4       0x40 C:/devkitPro/portlibs/3ds/lib\libpng.a(pngset.o)
                0x00111ef4                png_set_sBIT
 .text.png_set_sRGB
                0x00111f34       0x1c C:/devkitPro/portlibs/3ds/lib\libpng.a(pngset.o)
                0x00111f34                png_set_sRGB
 .text.png_set_text_2
                0x00111f50      0x350 C:/devkitPro/portlibs/3ds/lib\libpng.a(pngset.o)
                0x00111f50                png_set_text_2
 .text.png_set_tIME
                0x001122a0       0xa4 C:/devkitPro/portlibs/3ds/lib\libpng.a(pngset.o)
                0x001122a0                png_set_tIME
 .text.png_set_tRNS
                0x00112344      0x1d4 C:/devkitPro/portlibs/3ds/lib\libpng.a(pngset.o)
                0x00112344                png_set_tRNS
 .text.png_set_sPLT
                0x00112518      0x180 C:/devkitPro/portlibs/3ds/lib\libpng.a(pngset.o)
                0x00112518                png_set_sPLT
 .text.png_set_unknown_chunks
                0x00112698      0x138 C:/devkitPro/portlibs/3ds/lib\libpng.a(pngset.o)
                0x00112698                png_set_unknown_chunks
 .text.png_set_interlace_handling
                0x001127d0       0x30 C:/devkitPro/portlibs/3ds/lib\libpng.a(pngtrans.o)
                0x001127d0                png_set_interlace_handling
 .text.png_set_add_alpha
                0x00112800       0xd0 C:/devkitPro/portlibs/3ds/lib\libpng.a(pngtrans.o)
                0x00112800                png_set_add_alpha
 .text.png_do_invert
                0x001128d0      0x140 C:/devkitPro/portlibs/3ds/lib\libpng.a(pngtrans.o)
                0x001128d0                png_do_invert
 .text.png_do_swap
                0x00112a10       0x4c C:/devkitPro/portlibs/3ds/lib\libpng.a(pngtrans.o)
                0x00112a10                png_do_swap
 .text.png_do_packswap
                0x00112a5c       0x6c C:/devkitPro/portlibs/3ds/lib\libpng.a(pngtrans.o)
                0x00112a5c                png_do_packswap
 .text.png_do_strip_channel
                0x00112ac8      0x250 C:/devkitPro/portlibs/3ds/lib\libpng.a(pngtrans.o)
                0x00112ac8                png_do_strip_channel
 .text.png_do_bgr
                0x00112d18      0x110 C:/devkitPro/portlibs/3ds/lib\libpng.a(pngtrans.o)
                0x00112d18                png_do_bgr
 .text.png_do_check_palette_indexes
                0x00112e28      0x180 C:/devkitPro/portlibs/3ds/lib\libpng.a(pngtrans.o)
                0x00112e28                png_do_check_palette_indexes
 .text.crc32_z  0x00112fa8      0x3ac C:/devkitPro/portlibs/3ds/lib\libz.a(crc32.o)
                0x00112fa8                crc32_z
 .text.crc32    0x00113354        0x4 C:/devkitPro/portlibs/3ds/lib\libz.a(crc32.o)
                0x00113354                crc32
 .text.updatewindow
                0x00113358      0x11c C:/devkitPro/portlibs/3ds/lib\libz.a(inflate.o)
 .text.inflateStateCheck
                0x00113474       0x5c C:/devkitPro/portlibs/3ds/lib\libz.a(inflate.o)
 .text.inflateResetKeep
                0x001134d0       0x9c C:/devkitPro/portlibs/3ds/lib\libz.a(inflate.o)
                0x001134d0                inflateResetKeep
 .text.inflateReset
                0x0011356c       0x68 C:/devkitPro/portlibs/3ds/lib\libz.a(inflate.o)
                0x0011356c                inflateReset
 .text.inflateReset2
                0x001135d4       0xbc C:/devkitPro/portlibs/3ds/lib\libz.a(inflate.o)
                0x001135d4                inflateReset2
 .text.inflateInit2_
                0x00113690       0xec C:/devkitPro/portlibs/3ds/lib\libz.a(inflate.o)
                0x00113690                inflateInit2_
 .text.inflate  0x0011377c     0x18ec C:/devkitPro/portlibs/3ds/lib\libz.a(inflate.o)
                0x0011377c                inflate
 .text.inflateEnd
                0x00115068       0x5c C:/devkitPro/portlibs/3ds/lib\libz.a(inflate.o)
                0x00115068                inflateEnd
 .text.inflate_table
                0x001150c4      0x554 C:/devkitPro/portlibs/3ds/lib\libz.a(inftrees.o)
                0x001150c4                inflate_table
 .text.zcalloc  0x00115618        0x8 C:/devkitPro/portlibs/3ds/lib\libz.a(zutil.o)
                0x00115618                zcalloc
 .text.zcfree   0x00115620        0x8 C:/devkitPro/portlibs/3ds/lib\libz.a(zutil.o)
                0x00115620                zcfree
 .text.adler32_z
                0x00115628      0x364 C:/devkitPro/portlibs/3ds/lib\libz.a(adler32.o)
                0x00115628                adler32_z
 .text.adler32  0x0011598c        0x4 C:/devkitPro/portlibs/3ds/lib\libz.a(adler32.o)
                0x0011598c                adler32
 .text.inflate_fast
                0x00115990      0x5d8 C:/devkitPro/portlibs/3ds/lib\libz.a(inffast.o)
                0x00115990                inflate_fast
 .text.C2Di_FrameEndHook
                0x00115f68       0x44 C:/devkitPro/libctru/lib\libcitro2d.a(base.o)
 *fill*         0x00115fac        0x4 
 .text.C2D_Init
                0x00115fb0      0x36c C:/devkitPro/libctru/lib\libcitro2d.a(base.o)
                0x00115fb0                C2D_Init
 .text.C2D_Fini
                0x0011631c       0x4c C:/devkitPro/libctru/lib\libcitro2d.a(base.o)
                0x0011631c                C2D_Fini
 .text.C2D_Prepare
                0x00116368       0xb8 C:/devkitPro/libctru/lib\libcitro2d.a(base.o)
                0x00116368                C2D_Prepare
 .text.C2D_Flush
                0x00116420       0x48 C:/devkitPro/libctru/lib\libcitro2d.a(base.o)
                0x00116420                C2D_Flush
 .text.C2D_SceneSize
                0x00116468      0x104 C:/devkitPro/libctru/lib\libcitro2d.a(base.o)
                0x00116468                C2D_SceneSize
 .text.C2D_CreateScreenTarget
                0x0011656c       0x58 C:/devkitPro/libctru/lib\libcitro2d.a(base.o)
                0x0011656c                C2D_CreateScreenTarget
 .text.C2D_TargetClear
                0x001165c4       0x64 C:/devkitPro/libctru/lib\libcitro2d.a(base.o)
                0x001165c4                C2D_TargetClear
 .text.C2Di_CalcQuad
                0x00116628      0x13c C:/devkitPro/libctru/lib\libcitro2d.a(base.o)
                0x00116628                C2Di_CalcQuad
 .text.C2Di_AppendQuad
                0x00116764       0x58 C:/devkitPro/libctru/lib\libcitro2d.a(base.o)
                0x00116764                C2Di_AppendQuad
 .text.C2Di_Update
                0x001167bc      0x550 C:/devkitPro/libctru/lib\libcitro2d.a(base.o)
                0x001167bc                C2Di_Update
 .text.C2D_DrawImage
                0x00116d0c      0x2b0 C:/devkitPro/libctru/lib\libcitro2d.a(base.o)
                0x00116d0c                C2D_DrawImage
 .text.C2D_DrawRectangle
                0x00116fbc      0x158 C:/devkitPro/libctru/lib\libcitro2d.a(base.o)
                0x00116fbc                C2D_DrawRectangle
 .text.AttrInfo_Init
                0x00117114       0x28 C:/devkitPro/libctru/lib\libcitro3d.a(attribs.o)
                0x00117114                AttrInfo_Init
 .text.AttrInfo_AddLoader
                0x0011713c       0x94 C:/devkitPro/libctru/lib\libcitro3d.a(attribs.o)
                0x0011713c                AttrInfo_AddLoader
 .text.C3D_SetAttrInfo
                0x001171d0       0x54 C:/devkitPro/libctru/lib\libcitro3d.a(attribs.o)
                0x001171d0                C3D_SetAttrInfo
 .text.C3Di_AttrInfoBind
                0x00117224       0x80 C:/devkitPro/libctru/lib\libcitro3d.a(attribs.o)
                0x00117224                C3Di_AttrInfoBind
 .text.C3Di_LightEnvUpdate
                0x001172a4        0x4 C:/devkitPro/libctru/lib\libcitro3d.a(base.o)
                0x001172a4                C3Di_LightEnvUpdate
 .text.C3Di_LightEnvDirty
                0x001172a8        0x4 C:/devkitPro/libctru/lib\libcitro3d.a(base.o)
                0x001172a8                C3Di_LightEnvDirty
 .text.C3Di_AptEventHook
                0x001172ac       0xb4 C:/devkitPro/libctru/lib\libcitro3d.a(base.o)
 .text.C3Di_GasUpdate
                0x00117360        0x4 C:/devkitPro/libctru/lib\libcitro3d.a(base.o)
                0x00117360                C3Di_GasUpdate
 .text.C3D_Init
                0x00117364      0x1d0 C:/devkitPro/libctru/lib\libcitro3d.a(base.o)
                0x00117364                C3D_Init
 .text.C3D_SetViewport
                0x00117534       0x98 C:/devkitPro/libctru/lib\libcitro3d.a(base.o)
                0x00117534                C3D_SetViewport
 .text.C3Di_UpdateContext
                0x001175cc      0x4e8 C:/devkitPro/libctru/lib\libcitro3d.a(base.o)
                0x001175cc                C3Di_UpdateContext
 .text.C3Di_SplitFrame
                0x00117ab4       0xe0 C:/devkitPro/libctru/lib\libcitro3d.a(base.o)
                0x00117ab4                C3Di_SplitFrame
 .text.C3D_Fini
                0x00117b94       0x44 C:/devkitPro/libctru/lib\libcitro3d.a(base.o)
                0x00117b94                C3D_Fini
 .text.C3D_BindProgram
                0x00117bd8      0x194 C:/devkitPro/libctru/lib\libcitro3d.a(base.o)
                0x00117bd8                C3D_BindProgram
 .text.BufInfo_Init
                0x00117d6c       0x24 C:/devkitPro/libctru/lib\libcitro3d.a(buffers.o)
                0x00117d6c                BufInfo_Init
 .text.BufInfo_Add
                0x00117d90       0x80 C:/devkitPro/libctru/lib\libcitro3d.a(buffers.o)
                0x00117d90                BufInfo_Add
 .text.C3D_SetBufInfo
                0x00117e10       0x3c C:/devkitPro/libctru/lib\libcitro3d.a(buffers.o)
                0x00117e10                C3D_SetBufInfo
 .text.C3Di_BufInfoBind
                0x00117e4c       0x48 C:/devkitPro/libctru/lib\libcitro3d.a(buffers.o)
                0x00117e4c                C3Di_BufInfoBind
 .text.C3D_DrawElements
                0x00117e94      0x21c C:/devkitPro/libctru/lib\libcitro3d.a(drawElements.o)
                0x00117e94                C3D_DrawElements
 .text.C3D_DepthMap
                0x001180b0       0x40 C:/devkitPro/libctru/lib\libcitro3d.a(effect.o)
                0x001180b0                C3D_DepthMap
 .text.C3D_CullFace
                0x001180f0       0x1c C:/devkitPro/libctru/lib\libcitro3d.a(effect.o)
                0x001180f0                C3D_CullFace
 .text.C3D_StencilTest
                0x0011810c       0x40 C:/devkitPro/libctru/lib\libcitro3d.a(effect.o)
                0x0011810c                C3D_StencilTest
 .text.C3D_StencilOp
                0x0011814c       0x24 C:/devkitPro/libctru/lib\libcitro3d.a(effect.o)
                0x0011814c                C3D_StencilOp
 .text.C3D_BlendingColor
                0x00118170       0x1c C:/devkitPro/libctru/lib\libcitro3d.a(effect.o)
                0x00118170                C3D_BlendingColor
 .text.C3D_EarlyDepthTest
                0x0011818c       0x24 C:/devkitPro/libctru/lib\libcitro3d.a(effect.o)
                0x0011818c                C3D_EarlyDepthTest
 .text.C3D_DepthTest
                0x001181b0       0x2c C:/devkitPro/libctru/lib\libcitro3d.a(effect.o)
                0x001181b0                C3D_DepthTest
 .text.C3D_AlphaTest
                0x001181dc       0x2c C:/devkitPro/libctru/lib\libcitro3d.a(effect.o)
                0x001181dc                C3D_AlphaTest
 .text.C3D_AlphaBlend
                0x00118208       0x50 C:/devkitPro/libctru/lib\libcitro3d.a(effect.o)
                0x00118208                C3D_AlphaBlend
 .text.C3D_FragOpMode
                0x00118258       0x30 C:/devkitPro/libctru/lib\libcitro3d.a(effect.o)
                0x00118258                C3D_FragOpMode
 .text.C3D_FragOpShadow
                0x00118288       0x44 C:/devkitPro/libctru/lib\libcitro3d.a(effect.o)
                0x00118288                C3D_FragOpShadow
 .text.C3Di_EffectBind
                0x001182cc      0x1ac C:/devkitPro/libctru/lib\libcitro3d.a(effect.o)
                0x001182cc                C3Di_EffectBind
 .text.C3D_CalcColorBufSize
                0x00118478       0x1c C:/devkitPro/libctru/lib\libcitro3d.a(framebuffer.o)
                0x00118478                C3D_CalcColorBufSize
 .text.C3D_CalcDepthBufSize
                0x00118494       0x1c C:/devkitPro/libctru/lib\libcitro3d.a(framebuffer.o)
                0x00118494                C3D_CalcDepthBufSize
 .text.C3D_SetFrameBuf
                0x001184b0       0x44 C:/devkitPro/libctru/lib\libcitro3d.a(framebuffer.o)
                0x001184b0                C3D_SetFrameBuf
 .text.C3Di_FrameBufBind
                0x001184f4      0x16c C:/devkitPro/libctru/lib\libcitro3d.a(framebuffer.o)
                0x001184f4                C3Di_FrameBufBind
 .text.C3D_FrameBufClear
                0x00118660       0xc8 C:/devkitPro/libctru/lib\libcitro3d.a(framebuffer.o)
                0x00118660                C3D_FrameBufClear
 .text.C3D_FrameBufTransfer
                0x00118728       0x44 C:/devkitPro/libctru/lib\libcitro3d.a(framebuffer.o)
                0x00118728                C3D_FrameBufTransfer
 .text.C3D_ImmSendAttrib
                0x0011876c       0xa8 C:/devkitPro/libctru/lib\libcitro3d.a(immediate.o)
                0x0011876c                C3D_ImmSendAttrib
 .text.C3D_ProcTexInit
                0x00118814       0x70 C:/devkitPro/libctru/lib\libcitro3d.a(proctex.o)
                0x00118814                C3D_ProcTexInit
 .text.C3D_ProcTexBind
                0x00118884       0x54 C:/devkitPro/libctru/lib\libcitro3d.a(proctex.o)
                0x00118884                C3D_ProcTexBind
 .text.C3D_ProcTexLutBind
                0x001188d8       0x5c C:/devkitPro/libctru/lib\libcitro3d.a(proctex.o)
                0x001188d8                C3D_ProcTexLutBind
 .text.ProcTexLut_FromArray
                0x00118934       0xa4 C:/devkitPro/libctru/lib\libcitro3d.a(proctex.o)
                0x00118934                ProcTexLut_FromArray
 .text.C3Di_ProcTexUpdate
                0x001189d8      0x178 C:/devkitPro/libctru/lib\libcitro3d.a(proctex.o)
                0x001189d8                C3Di_ProcTexUpdate
 .text.C3Di_ProcTexDirty
                0x00118b50       0x68 C:/devkitPro/libctru/lib\libcitro3d.a(proctex.o)
                0x00118b50                C3Di_ProcTexDirty
 .text.onVBlank0
                0x00118bb8       0x4c C:/devkitPro/libctru/lib\libcitro3d.a(renderqueue.o)
 .text.onVBlank1
                0x00118c04       0x4c C:/devkitPro/libctru/lib\libcitro3d.a(renderqueue.o)
 .text.C3Di_RenderTargetDestroy
                0x00118c50       0x80 C:/devkitPro/libctru/lib\libcitro3d.a(renderqueue.o)
 .text.onQueueFinish
                0x00118cd0       0xf4 C:/devkitPro/libctru/lib\libcitro3d.a(renderqueue.o)
 .text.C3Di_RenderQueueEnableVBlank
                0x00118dc4       0x38 C:/devkitPro/libctru/lib\libcitro3d.a(renderqueue.o)
                0x00118dc4                C3Di_RenderQueueEnableVBlank
 .text.C3Di_RenderQueueDisableVBlank
                0x00118dfc       0x30 C:/devkitPro/libctru/lib\libcitro3d.a(renderqueue.o)
                0x00118dfc                C3Di_RenderQueueDisableVBlank
 .text.C3Di_RenderQueueInit
                0x00118e2c       0x60 C:/devkitPro/libctru/lib\libcitro3d.a(renderqueue.o)
                0x00118e2c                C3Di_RenderQueueInit
 .text.C3Di_RenderQueueExit
                0x00118e8c       0xb4 C:/devkitPro/libctru/lib\libcitro3d.a(renderqueue.o)
                0x00118e8c                C3Di_RenderQueueExit
 .text.C3Di_RenderQueueWaitDone
                0x00118f40       0x34 C:/devkitPro/libctru/lib\libcitro3d.a(renderqueue.o)
                0x00118f40                C3Di_RenderQueueWaitDone
 .text.C3D_FrameBegin
                0x00118f74       0xe8 C:/devkitPro/libctru/lib\libcitro3d.a(renderqueue.o)
                0x00118f74                C3D_FrameBegin
 .text.C3D_FrameDrawOn
                0x0011905c       0x48 C:/devkitPro/libctru/lib\libcitro3d.a(renderqueue.o)
                0x0011905c                C3D_FrameDrawOn
 .text.C3D_FrameSplit
                0x001190a4       0x58 C:/devkitPro/libctru/lib\libcitro3d.a(renderqueue.o)
                0x001190a4                C3D_FrameSplit
 .text.C3D_FrameEnd
                0x001190fc      0x1d0 C:/devkitPro/libctru/lib\libcitro3d.a(renderqueue.o)
                0x001190fc                C3D_FrameEnd
 .text.C3D_FrameEndHook
                0x001192cc       0x1c C:/devkitPro/libctru/lib\libcitro3d.a(renderqueue.o)
                0x001192cc                C3D_FrameEndHook
 .text.C3D_RenderTargetCreate
                0x001192e8      0x170 C:/devkitPro/libctru/lib\libcitro3d.a(renderqueue.o)
                0x001192e8                C3D_RenderTargetCreate
 .text.C3D_RenderTargetSetOutput
                0x00119458       0xa8 C:/devkitPro/libctru/lib\libcitro3d.a(renderqueue.o)
                0x00119458                C3D_RenderTargetSetOutput
 .text.C3D_SyncTextureCopy
                0x00119500       0xfc C:/devkitPro/libctru/lib\libcitro3d.a(renderqueue.o)
                0x00119500                C3D_SyncTextureCopy
 .text.C3D_GetTexEnv
                0x001195fc       0x34 C:/devkitPro/libctru/lib\libcitro3d.a(texenv.o)
                0x001195fc                C3D_GetTexEnv
 .text.C3Di_TexEnvBind
                0x00119630       0x24 C:/devkitPro/libctru/lib\libcitro3d.a(texenv.o)
                0x00119630                C3Di_TexEnvBind
 .text.C3D_TexInitWithParams
                0x00119654      0x290 C:/devkitPro/libctru/lib\libcitro3d.a(texture.o)
                0x00119654                C3D_TexInitWithParams
 .text.C3D_TexLoadImage
                0x001198e4       0xc8 C:/devkitPro/libctru/lib\libcitro3d.a(texture.o)
                0x001198e4                C3D_TexLoadImage
 .text.C3D_TexBind
                0x001199ac       0x44 C:/devkitPro/libctru/lib\libcitro3d.a(texture.o)
                0x001199ac                C3D_TexBind
 .text.C3D_TexDelete
                0x001199f0       0x74 C:/devkitPro/libctru/lib\libcitro3d.a(texture.o)
                0x001199f0                C3D_TexDelete
 .text.C3Di_SetTex
                0x00119a64      0x14c C:/devkitPro/libctru/lib\libcitro3d.a(texture.o)
                0x00119a64                C3Di_SetTex
 .text.C3D_UpdateUniforms
                0x00119bb0      0x290 C:/devkitPro/libctru/lib\libcitro3d.a(uniforms.o)
                0x00119bb0                C3D_UpdateUniforms
 .text.C3Di_DirtyUniforms
                0x00119e40       0xc0 C:/devkitPro/libctru/lib\libcitro3d.a(uniforms.o)
                0x00119e40                C3Di_DirtyUniforms
 .text.C3Di_LoadShaderUniforms
                0x00119f00       0xd8 C:/devkitPro/libctru/lib\libcitro3d.a(uniforms.o)
                0x00119f00                C3Di_LoadShaderUniforms
 .text.C3Di_ClearShaderUniforms
                0x00119fd8       0x28 C:/devkitPro/libctru/lib\libcitro3d.a(uniforms.o)
                0x00119fd8                C3Di_ClearShaderUniforms
 .text.Mtx_Ortho
                0x0011a000       0xcc C:/devkitPro/libctru/lib\libcitro3d.a(mtx_ortho.o)
                0x0011a000                Mtx_Ortho
 .text.Mtx_OrthoTilt
                0x0011a0cc       0xcc C:/devkitPro/libctru/lib\libcitro3d.a(mtx_orthotilt.o)
                0x0011a0cc                Mtx_OrthoTilt
 .text._ZL21addrMapNodeComparatorPK11rbtree_nodeS1_
                0x0011a198       0x24 C:/devkitPro/libctru/lib\libctru.a(linear.o)
 .text._ZL21addrMapNodeDestructorP11rbtree_node
                0x0011a1bc        0x4 C:/devkitPro/libctru/lib\libctru.a(linear.o)
 .text.linearMemAlign
                0x0011a1c0      0x12c C:/devkitPro/libctru/lib\libctru.a(linear.o)
                0x0011a1c0                linearMemAlign
 .text.linearAlloc
                0x0011a2ec        0x8 C:/devkitPro/libctru/lib\libctru.a(linear.o)
                0x0011a2ec                linearAlloc
 .text.linearFree
                0x0011a2f4       0x5c C:/devkitPro/libctru/lib\libctru.a(linear.o)
                0x0011a2f4                linearFree
 .text._ZN7MemPool13CoalesceRightEP8MemBlock
                0x0011a350       0x88 C:/devkitPro/libctru/lib\libctru.a(mem_pool.o)
                0x0011a350                MemPool::CoalesceRight(MemBlock*)
 .text._ZN7MemPool8AllocateER8MemChunkmi
                0x0011a3d8      0x178 C:/devkitPro/libctru/lib\libctru.a(mem_pool.o)
                0x0011a3d8                MemPool::Allocate(MemChunk&, unsigned long, int)
 .text._ZN7MemPool10DeallocateERK8MemChunk
                0x0011a550      0x118 C:/devkitPro/libctru/lib\libctru.a(mem_pool.o)
                0x0011a550                MemPool::Deallocate(MemChunk const&)
 .text._ZN7MemPool12GetFreeSpaceEv
                0x0011a668       0x30 C:/devkitPro/libctru/lib\libctru.a(mem_pool.o)
                0x0011a668                MemPool::GetFreeSpace()
 .text._ZL21addrMapNodeComparatorPK11rbtree_nodeS1_
                0x0011a698       0x24 C:/devkitPro/libctru/lib\libctru.a(vram.o)
 .text._ZL21addrMapNodeDestructorP11rbtree_node
                0x0011a6bc        0x4 C:/devkitPro/libctru/lib\libctru.a(vram.o)
 .text.vramMemAlignAt
                0x0011a6c0      0x248 C:/devkitPro/libctru/lib\libctru.a(vram.o)
                0x0011a6c0                vramMemAlignAt
 .text.vramAlloc
                0x0011a908        0xc C:/devkitPro/libctru/lib\libctru.a(vram.o)
                0x0011a908                vramAlloc
 .text.vramAllocAt
                0x0011a914        0xc C:/devkitPro/libctru/lib\libctru.a(vram.o)
                0x0011a914                vramAllocAt
 .text.vramFree
                0x0011a920       0x94 C:/devkitPro/libctru/lib\libctru.a(vram.o)
                0x0011a920                vramFree
 .text.consoleDrawChar
                0x0011a9b4      0x1c8 C:/devkitPro/libctru/lib\libctru.a(console.o)
                0x0011a9b4                consoleDrawChar
 .text.consolePrintChar
                0x0011ab7c      0x170 C:/devkitPro/libctru/lib\libctru.a(console.o)
                0x0011ab7c                consolePrintChar
 .text.con_write
                0x0011acec      0xc40 C:/devkitPro/libctru/lib\libctru.a(console.o)
                0x0011acec                con_write
 .text.newRow   0x0011b92c      0x110 C:/devkitPro/libctru/lib\libctru.a(console.o)
 .text.consoleInit
                0x0011ba3c      0x180 C:/devkitPro/libctru/lib\libctru.a(console.o)
                0x0011ba3c                consoleInit
 .text.consoleClear
                0x0011bbbc       0xb8 C:/devkitPro/libctru/lib\libctru.a(console.o)
                0x0011bbbc                consoleClear
 .text.gfxPresentFramebuffer
                0x0011bc74       0xcc C:/devkitPro/libctru/lib\libctru.a(gfx.o)
 .text.gfxIsWide
                0x0011bd40       0x1c C:/devkitPro/libctru/lib\libctru.a(gfx.o)
                0x0011bd40                gfxIsWide
 .text.gfxSetScreenFormat
                0x0011bd5c       0xf8 C:/devkitPro/libctru/lib\libctru.a(gfx.o)
                0x0011bd5c                gfxSetScreenFormat
 .text.gfxSetDoubleBuffering
                0x0011be54       0x10 C:/devkitPro/libctru/lib\libctru.a(gfx.o)
                0x0011be54                gfxSetDoubleBuffering
 .text.gfxInit  0x0011be64       0xd8 C:/devkitPro/libctru/lib\libctru.a(gfx.o)
                0x0011be64                gfxInit
 .text.gfxInitDefault
                0x0011bf3c       0x10 C:/devkitPro/libctru/lib\libctru.a(gfx.o)
                0x0011bf3c                gfxInitDefault
 .text.gfxExit  0x0011bf4c       0xb8 C:/devkitPro/libctru/lib\libctru.a(gfx.o)
                0x0011bf4c                gfxExit
 .text.gfxGetFramebuffer
                0x0011c004       0xa0 C:/devkitPro/libctru/lib\libctru.a(gfx.o)
                0x0011c004                gfxGetFramebuffer
 .text.gfxFlushBuffers
                0x0011c0a4      0x100 C:/devkitPro/libctru/lib\libctru.a(gfx.o)
                0x0011c0a4                gfxFlushBuffers
 .text.gfxScreenSwapBuffers
                0x0011c1a4       0x28 C:/devkitPro/libctru/lib\libctru.a(gfx.o)
                0x0011c1a4                gfxScreenSwapBuffers
 .text.gfxSwapBuffersGpu
                0x0011c1cc       0x50 C:/devkitPro/libctru/lib\libctru.a(gfx.o)
                0x0011c1cc                gfxSwapBuffersGpu
 .text.osConvertVirtToPhys
                0x0011c21c       0x74 C:/devkitPro/libctru/lib\libctru.a(os.o)
                0x0011c21c                osConvertVirtToPhys
 .text.__ctru_speedup_config
                0x0011c290       0x34 C:/devkitPro/libctru/lib\libctru.a(os.o)
                0x0011c290                __ctru_speedup_config
 .text.GPUCMD_Add
                0x0011c2c4      0x13c C:/devkitPro/libctru/lib\libctru.a(gpu.o)
                0x0011c2c4                GPUCMD_Add
 .text.GPUCMD_Split
                0x0011c400       0xb0 C:/devkitPro/libctru/lib\libctru.a(gpu.o)
                0x0011c400                GPUCMD_Split
 .text.f32tof16
                0x0011c4b0       0x34 C:/devkitPro/libctru/lib\libctru.a(gpu.o)
                0x0011c4b0                f32tof16
 .text.f32tof24
                0x0011c4e4       0x34 C:/devkitPro/libctru/lib\libctru.a(gpu.o)
                0x0011c4e4                f32tof24
 .text.f32tof31
                0x0011c518       0x38 C:/devkitPro/libctru/lib\libctru.a(gpu.o)
                0x0011c518                f32tof31
 .text.GX_BindQueue
                0x0011c550       0x10 C:/devkitPro/libctru/lib\libctru.a(gx.o)
                0x0011c550                GX_BindQueue
 .text.GX_ProcessCommandList
                0x0011c560       0x7c C:/devkitPro/libctru/lib\libctru.a(gx.o)
                0x0011c560                GX_ProcessCommandList
 .text.GX_MemoryFill
                0x0011c5dc       0x74 C:/devkitPro/libctru/lib\libctru.a(gx.o)
                0x0011c5dc                GX_MemoryFill
 .text.GX_DisplayTransfer
                0x0011c650       0x74 C:/devkitPro/libctru/lib\libctru.a(gx.o)
                0x0011c650                GX_DisplayTransfer
 .text.GX_TextureCopy
                0x0011c6c4       0x78 C:/devkitPro/libctru/lib\libctru.a(gx.o)
                0x0011c6c4                GX_TextureCopy
 .text.gxCmdQueueDoCommands.part.0
                0x0011c73c       0x64 C:/devkitPro/libctru/lib\libctru.a(gxqueue.o)
 .text.gxCmdQueueInterrupt
                0x0011c7a0       0xe4 C:/devkitPro/libctru/lib\libctru.a(gxqueue.o)
                0x0011c7a0                gxCmdQueueInterrupt
 .text.gxCmdQueueClear
                0x0011c884       0x68 C:/devkitPro/libctru/lib\libctru.a(gxqueue.o)
                0x0011c884                gxCmdQueueClear
 .text.gxCmdQueueAdd
                0x0011c8ec      0x108 C:/devkitPro/libctru/lib\libctru.a(gxqueue.o)
                0x0011c8ec                gxCmdQueueAdd
 .text.gxCmdQueueRun
                0x0011c9f4       0x80 C:/devkitPro/libctru/lib\libctru.a(gxqueue.o)
                0x0011c9f4                gxCmdQueueRun
 .text.gxCmdQueueStop
                0x0011ca74       0x64 C:/devkitPro/libctru/lib\libctru.a(gxqueue.o)
                0x0011ca74                gxCmdQueueStop
 .text.gxCmdQueueWait
                0x0011cad8       0x8c C:/devkitPro/libctru/lib\libctru.a(gxqueue.o)
                0x0011cad8                gxCmdQueueWait
 .text.shaderInstanceInit
                0x0011cb64      0x1e0 C:/devkitPro/libctru/lib\libctru.a(shaderProgram.o)
                0x0011cb64                shaderInstanceInit
 .text.shaderInstanceGetUniformLocation
                0x0011cd44       0x18 C:/devkitPro/libctru/lib\libctru.a(shaderProgram.o)
                0x0011cd44                shaderInstanceGetUniformLocation
 .text.shaderProgramInit
                0x0011cd5c       0x1c C:/devkitPro/libctru/lib\libctru.a(shaderProgram.o)
                0x0011cd5c                shaderProgramInit
 .text.shaderProgramFree
                0x0011cd78       0x74 C:/devkitPro/libctru/lib\libctru.a(shaderProgram.o)
                0x0011cd78                shaderProgramFree
 .text.shaderProgramSetVsh
                0x0011cdec       0x94 C:/devkitPro/libctru/lib\libctru.a(shaderProgram.o)
                0x0011cdec                shaderProgramSetVsh
 .text.shaderProgramConfigure
                0x0011ce80      0x8d0 C:/devkitPro/libctru/lib\libctru.a(shaderProgram.o)
                0x0011ce80                shaderProgramConfigure
 .text.DVLE_GenerateOutmap.part.0
                0x0011d750      0x1dc C:/devkitPro/libctru/lib\libctru.a(shbin.o)
 .text.DVLB_ParseFile
                0x0011d92c      0x1ac C:/devkitPro/libctru/lib\libctru.a(shbin.o)
                0x0011d92c                DVLB_ParseFile
 .text.DVLB_Free
                0x0011dad8       0x50 C:/devkitPro/libctru/lib\libctru.a(shbin.o)
                0x0011dad8                DVLB_Free
 .text.DVLE_GetUniformRegister
                0x0011db28       0x74 C:/devkitPro/libctru/lib\libctru.a(shbin.o)
                0x0011db28                DVLE_GetUniformRegister
 .text.acInit   0x0011db9c       0x90 C:/devkitPro/libctru/lib\libctru.a(ac.o)
                0x0011db9c                acInit
 .text.acExit   0x0011dc2c       0x3c C:/devkitPro/libctru/lib\libctru.a(ac.o)
                0x0011dc2c                acExit
 .text.ACU_GetWifiStatus
                0x0011dc68       0x38 C:/devkitPro/libctru/lib\libctru.a(ac.o)
                0x0011dc68                ACU_GetWifiStatus
 .text.aptConvertScreenForCapture
                0x0011dca0      0x180 C:/devkitPro/libctru/lib\libctru.a(apt.o)
 .text.aptDspSleep
                0x0011de20        0x8 C:/devkitPro/libctru/lib\libctru.a(apt.o)
                0x0011de20                aptDspSleep
 .text.aptDspWakeup
                0x0011de28        0x4 C:/devkitPro/libctru/lib\libctru.a(apt.o)
                0x0011de28                aptDspWakeup
 .text.aptDspCancel
                0x0011de2c        0x4 C:/devkitPro/libctru/lib\libctru.a(apt.o)
                0x0011de2c                aptDspCancel
 .text.aptSendCommand
                0x0011de30      0x138 C:/devkitPro/libctru/lib\libctru.a(apt.o)
                0x0011de30                aptSendCommand
 .text.aptExitProcess
                0x0011df68       0x44 C:/devkitPro/libctru/lib\libctru.a(apt.o)
 .text.aptExit  0x0011dfac      0x394 C:/devkitPro/libctru/lib\libctru.a(apt.o)
                0x0011dfac                aptExit
 .text.aptHandleSleep
                0x0011e340       0xd8 C:/devkitPro/libctru/lib\libctru.a(apt.o)
                0x0011e340                aptHandleSleep
 .text.aptHook  0x0011e418       0x34 C:/devkitPro/libctru/lib\libctru.a(apt.o)
                0x0011e418                aptHook
 .text.aptUnhook
                0x0011e44c       0x30 C:/devkitPro/libctru/lib\libctru.a(apt.o)
                0x0011e44c                aptUnhook
 .text.aptSetMessageCallback
                0x0011e47c       0x1c C:/devkitPro/libctru/lib\libctru.a(apt.o)
                0x0011e47c                aptSetMessageCallback
 .text.APT_SleepIfShellClosed
                0x0011e498       0x84 C:/devkitPro/libctru/lib\libctru.a(apt.o)
                0x0011e498                APT_SleepIfShellClosed
 .text.aptSetSleepAllowed
                0x0011e51c       0x78 C:/devkitPro/libctru/lib\libctru.a(apt.o)
                0x0011e51c                aptSetSleepAllowed
 .text.APT_UnlockTransition
                0x0011e594       0x84 C:/devkitPro/libctru/lib\libctru.a(apt.o)
                0x0011e594                APT_UnlockTransition
 .text.aptEventHandler
                0x0011e618      0x470 C:/devkitPro/libctru/lib\libctru.a(apt.o)
 .text.APT_ReceiveParameter
                0x0011ea88       0xbc C:/devkitPro/libctru/lib\libctru.a(apt.o)
                0x0011ea88                APT_ReceiveParameter
 .text.aptReceiveParameter.constprop.0
                0x0011eb44       0xb0 C:/devkitPro/libctru/lib\libctru.a(apt.o)
 *fill*         0x0011ebf4        0x4 
 .text.aptScreenTransfer
                0x0011ebf8      0x294 C:/devkitPro/libctru/lib\libctru.a(apt.o)
 .text.aptWaitForWakeUp.isra.0
                0x0011ee8c      0x2d0 C:/devkitPro/libctru/lib\libctru.a(apt.o)
 .text.aptLaunchLibraryApplet
                0x0011f15c      0x114 C:/devkitPro/libctru/lib\libctru.a(apt.o)
                0x0011f15c                aptLaunchLibraryApplet
 .text.aptJumpToHomeMenu
                0x0011f270       0xf4 C:/devkitPro/libctru/lib\libctru.a(apt.o)
                0x0011f270                aptJumpToHomeMenu
 .text.aptMainLoop
                0x0011f364       0x58 C:/devkitPro/libctru/lib\libctru.a(apt.o)
                0x0011f364                aptMainLoop
 .text.aptInit  0x0011f3bc      0x240 C:/devkitPro/libctru/lib\libctru.a(apt.o)
                0x0011f3bc                aptInit
 .text.APT_SendParameter
                0x0011f5fc       0x5c C:/devkitPro/libctru/lib\libctru.a(apt.o)
                0x0011f5fc                APT_SendParameter
 .text.APT_CheckNew3DS
                0x0011f658       0x90 C:/devkitPro/libctru/lib\libctru.a(apt.o)
                0x0011f658                APT_CheckNew3DS
 .text.cfguInit
                0x0011f6e8       0xa8 C:/devkitPro/libctru/lib\libctru.a(cfgu.o)
                0x0011f6e8                cfguInit
 .text.cfguExit
                0x0011f790       0x3c C:/devkitPro/libctru/lib\libctru.a(cfgu.o)
                0x0011f790                cfguExit
 .text.gspHardwareInit
                0x0011f7cc      0xc70 C:/devkitPro/libctru/lib\libctru.a(gspgpu.o)
 .text.gspInit  0x0012043c      0x280 C:/devkitPro/libctru/lib\libctru.a(gspgpu.o)
                0x0012043c                gspInit
 .text.gspExit  0x001206bc      0x110 C:/devkitPro/libctru/lib\libctru.a(gspgpu.o)
                0x001206bc                gspExit
 .text.gspHasGpuRight
                0x001207cc       0x10 C:/devkitPro/libctru/lib\libctru.a(gspgpu.o)
                0x001207cc                gspHasGpuRight
 .text.gspPresentBuffer
                0x001207dc       0xa4 C:/devkitPro/libctru/lib\libctru.a(gspgpu.o)
                0x001207dc                gspPresentBuffer
 .text.gspSetEventCallback
                0x00120880       0x30 C:/devkitPro/libctru/lib\libctru.a(gspgpu.o)
                0x00120880                gspSetEventCallback
 .text.gspWaitForEvent
                0x001208b0       0x50 C:/devkitPro/libctru/lib\libctru.a(gspgpu.o)
                0x001208b0                gspWaitForEvent
 .text.gspWaitForAnyEvent
                0x00120900       0x4c C:/devkitPro/libctru/lib\libctru.a(gspgpu.o)
                0x00120900                gspWaitForAnyEvent
 .text.gspEventThreadMain
                0x0012094c      0x154 C:/devkitPro/libctru/lib\libctru.a(gspgpu.o)
 .text.gspSubmitGxCommand
                0x00120aa0      0x12c C:/devkitPro/libctru/lib\libctru.a(gspgpu.o)
                0x00120aa0                gspSubmitGxCommand
 .text.GSPGPU_FlushDataCache
                0x00120bcc       0x50 C:/devkitPro/libctru/lib\libctru.a(gspgpu.o)
                0x00120bcc                GSPGPU_FlushDataCache
 .text.GSPGPU_SetLcdForceBlack
                0x00120c1c       0x34 C:/devkitPro/libctru/lib\libctru.a(gspgpu.o)
                0x00120c1c                GSPGPU_SetLcdForceBlack
 .text.GSPGPU_AcquireRight
                0x00120c50       0x80 C:/devkitPro/libctru/lib\libctru.a(gspgpu.o)
                0x00120c50                GSPGPU_AcquireRight
 .text.GSPGPU_ReleaseRight
                0x00120cd0       0x5c C:/devkitPro/libctru/lib\libctru.a(gspgpu.o)
                0x00120cd0                GSPGPU_ReleaseRight
 .text.GSPGPU_ImportDisplayCaptureInfo
                0x00120d2c       0x7c C:/devkitPro/libctru/lib\libctru.a(gspgpu.o)
                0x00120d2c                GSPGPU_ImportDisplayCaptureInfo
 .text.GSPGPU_SaveVramSysArea
                0x00120da8       0x2c C:/devkitPro/libctru/lib\libctru.a(gspgpu.o)
                0x00120da8                GSPGPU_SaveVramSysArea
 .text.GSPGPU_RestoreVramSysArea
                0x00120dd4       0x2c C:/devkitPro/libctru/lib\libctru.a(gspgpu.o)
                0x00120dd4                GSPGPU_RestoreVramSysArea
 .text.hidShouldUseIrrst
                0x00120e00       0x24 C:/devkitPro/libctru/lib\libctru.a(hid.o)
                0x00120e00                hidShouldUseIrrst
 .text.hidInit  0x00120e24      0x1cc C:/devkitPro/libctru/lib\libctru.a(hid.o)
                0x00120e24                hidInit
 .text.hidExit  0x00120ff0       0xe8 C:/devkitPro/libctru/lib\libctru.a(hid.o)
                0x00120ff0                hidExit
 .text.hidScanInput
                0x001210d8      0x2a0 C:/devkitPro/libctru/lib\libctru.a(hid.o)
                0x001210d8                hidScanInput
 .text.hidKeysHeld
                0x00121378       0x10 C:/devkitPro/libctru/lib\libctru.a(hid.o)
                0x00121378                hidKeysHeld
 .text.hidKeysDown
                0x00121388       0x10 C:/devkitPro/libctru/lib\libctru.a(hid.o)
                0x00121388                hidKeysDown
 .text.hidTouchRead
                0x00121398       0x18 C:/devkitPro/libctru/lib\libctru.a(hid.o)
                0x00121398                hidTouchRead
 .text.httpcInit
                0x001213b0      0x1dc C:/devkitPro/libctru/lib\libctru.a(httpc.o)
                0x001213b0                httpcInit
 .text.httpcExit
                0x0012158c       0xbc C:/devkitPro/libctru/lib\libctru.a(httpc.o)
                0x0012158c                httpcExit
 .text.httpcOpenContext
                0x00121648      0x170 C:/devkitPro/libctru/lib\libctru.a(httpc.o)
                0x00121648                httpcOpenContext
 .text.httpcCloseContext
                0x001217b8       0x40 C:/devkitPro/libctru/lib\libctru.a(httpc.o)
                0x001217b8                httpcCloseContext
 .text.httpcDownloadData
                0x001217f8      0x134 C:/devkitPro/libctru/lib\libctru.a(httpc.o)
                0x001217f8                httpcDownloadData
 .text.httpcAddRequestHeaderField
                0x0012192c       0x8c C:/devkitPro/libctru/lib\libctru.a(httpc.o)
                0x0012192c                httpcAddRequestHeaderField
 .text.httpcBeginRequest
                0x001219b8       0x30 C:/devkitPro/libctru/lib\libctru.a(httpc.o)
                0x001219b8                httpcBeginRequest
 .text.httpcGetDownloadSizeState
                0x001219e8       0x64 C:/devkitPro/libctru/lib\libctru.a(httpc.o)
                0x001219e8                httpcGetDownloadSizeState
 .text.httpcGetResponseStatusCode
                0x00121a4c       0x3c C:/devkitPro/libctru/lib\libctru.a(httpc.o)
                0x00121a4c                httpcGetResponseStatusCode
 .text.irrstInit
                0x00121a88      0x1a4 C:/devkitPro/libctru/lib\libctru.a(irrst.o)
                0x00121a88                irrstInit
 .text.irrstExit
                0x00121c2c       0xdc C:/devkitPro/libctru/lib\libctru.a(irrst.o)
                0x00121c2c                irrstExit
 .text.irrstScanInput
                0x00121d08       0xb4 C:/devkitPro/libctru/lib\libctru.a(irrst.o)
                0x00121d08                irrstScanInput
 .text.irrstKeysHeld
                0x00121dbc       0x24 C:/devkitPro/libctru/lib\libctru.a(irrst.o)
                0x00121dbc                irrstKeysHeld
 .text.ptmSysmInit
                0x00121de0       0x78 C:/devkitPro/libctru/lib\libctru.a(ptmsysm.o)
                0x00121de0                ptmSysmInit
 .text.ptmSysmExit
                0x00121e58       0x3c C:/devkitPro/libctru/lib\libctru.a(ptmsysm.o)
                0x00121e58                ptmSysmExit
 .text.PTMSYSM_ConfigureNew3DSCPU
                0x00121e94       0x34 C:/devkitPro/libctru/lib\libctru.a(ptmsysm.o)
                0x00121e94                PTMSYSM_ConfigureNew3DSCPU
 .text.connect  0x00121ec8      0x174 C:/devkitPro/libctru/lib\libctru.a(soc_connect.o)
                0x00121ec8                connect
 .text.fcntl    0x0012203c      0x15c C:/devkitPro/libctru/lib\libctru.a(soc_fcntl.o)
                0x0012203c                fcntl
 .text.getsockopt
                0x00122198      0x138 C:/devkitPro/libctru/lib\libctru.a(soc_getsockopt.o)
                0x00122198                getsockopt
 .text.inet_aton
                0x001222d0      0x1a8 C:/devkitPro/libctru/lib\libctru.a(soc_inet_aton.o)
                0x001222d0                inet_aton
 .text.soc_open
                0x00122478       0x14 C:/devkitPro/libctru/lib\libctru.a(soc_init.o)
 .text.soc_read
                0x0012248c       0x34 C:/devkitPro/libctru/lib\libctru.a(soc_init.o)
 .text.soc_write
                0x001224c0       0x34 C:/devkitPro/libctru/lib\libctru.a(soc_init.o)
 .text.soc_close
                0x001224f4       0xb0 C:/devkitPro/libctru/lib\libctru.a(soc_init.o)
 .text.socInit  0x001225a4      0x190 C:/devkitPro/libctru/lib\libctru.a(soc_init.o)
                0x001225a4                socInit
 .text.socExit  0x00122734       0x88 C:/devkitPro/libctru/lib\libctru.a(soc_init.o)
                0x00122734                socExit
 .text.recv     0x001227bc       0x20 C:/devkitPro/libctru/lib\libctru.a(soc_recv.o)
                0x001227bc                recv
 .text.socuipc_cmd7
                0x001227dc      0x148 C:/devkitPro/libctru/lib\libctru.a(soc_recvfrom.o)
                0x001227dc                socuipc_cmd7
 .text.socuipc_cmd8
                0x00122924      0x168 C:/devkitPro/libctru/lib\libctru.a(soc_recvfrom.o)
                0x00122924                socuipc_cmd8
 .text.soc_recvfrom
                0x00122a8c       0x10 C:/devkitPro/libctru/lib\libctru.a(soc_recvfrom.o)
                0x00122a8c                soc_recvfrom
 .text.recvfrom
                0x00122a9c       0xa4 C:/devkitPro/libctru/lib\libctru.a(soc_recvfrom.o)
                0x00122a9c                recvfrom
 .text.select   0x00122b40      0x8d0 C:/devkitPro/libctru/lib\libctru.a(soc_select.o)
                0x00122b40                select
 .text.socuipc_cmd9
                0x00123410      0x15c C:/devkitPro/libctru/lib\libctru.a(soc_sendto.o)
                0x00123410                socuipc_cmd9
 .text.socuipc_cmda
                0x0012356c      0x160 C:/devkitPro/libctru/lib\libctru.a(soc_sendto.o)
                0x0012356c                socuipc_cmda
 .text.soc_sendto
                0x001236cc       0x10 C:/devkitPro/libctru/lib\libctru.a(soc_sendto.o)
                0x001236cc                soc_sendto
 .text.socket   0x001236dc      0x16c C:/devkitPro/libctru/lib\libctru.a(soc_socket.o)
                0x001236dc                socket
 .text.swkbdMessageCallback
                0x00123848      0x190 C:/devkitPro/libctru/lib\libctru.a(swkbd.o)
 .text.swkbdInit
                0x001239d8       0x84 C:/devkitPro/libctru/lib\libctru.a(swkbd.o)
                0x001239d8                swkbdInit
 .text.swkbdSetFeatures
                0x00123a5c       0x40 C:/devkitPro/libctru/lib\libctru.a(swkbd.o)
                0x00123a5c                swkbdSetFeatures
 .text.swkbdSetHintText
                0x00123a9c       0x64 C:/devkitPro/libctru/lib\libctru.a(swkbd.o)
                0x00123a9c                swkbdSetHintText
 .text.swkbdInputText
                0x00123b00      0x3a8 C:/devkitPro/libctru/lib\libctru.a(swkbd.o)
                0x00123b00                swkbdInputText
 .text.rbtree_find
                0x00123ea8       0x74 C:/devkitPro/libctru/lib\libctru.a(rbtree_find.o)
                0x00123ea8                rbtree_find
 .text.rbtree_init
                0x00123f1c       0x10 C:/devkitPro/libctru/lib\libctru.a(rbtree_init.o)
                0x00123f1c                rbtree_init
 .text.do_insert
                0x00123f2c      0x198 C:/devkitPro/libctru/lib\libctru.a(rbtree_insert.o)
 .text.rbtree_insert
                0x001240c4        0x8 C:/devkitPro/libctru/lib\libctru.a(rbtree_insert.o)
                0x001240c4                rbtree_insert
 .text.rbtree_remove
                0x001240cc      0x310 C:/devkitPro/libctru/lib\libctru.a(rbtree_remove.o)
                0x001240cc                rbtree_remove
 .text.rbtree_rotate
                0x001243dc       0x90 C:/devkitPro/libctru/lib\libctru.a(rbtree_rotate.o)
                0x001243dc                rbtree_rotate
 .text.utf16_to_utf8
                0x0012446c       0xe8 C:/devkitPro/libctru/lib\libctru.a(utf16_to_utf8.o)
                0x0012446c                utf16_to_utf8
 .text.utf8_to_utf16
                0x00124554       0xc0 C:/devkitPro/libctru/lib\libctru.a(utf8_to_utf16.o)
                0x00124554                utf8_to_utf16
 *fill*         0x00124614        0x4 
 .text.__system_allocateHeaps
                0x00124618      0x1e8 C:/devkitPro/libctru/lib\libctru.a(allocateHeaps.o)
                0x00124618                __system_allocateHeaps
 .text.__libctru_init
                0x00124800       0x38 C:/devkitPro/libctru/lib\libctru.a(ctru_init.o)
                0x00124800                __libctru_init
 .text.__system_initArgv
                0x00124838      0x16c C:/devkitPro/libctru/lib\libctru.a(initArgv.o)
                0x00124838                __system_initArgv
 .text.__syscall_getreent
                0x001249a4       0x30 C:/devkitPro/libctru/lib\libctru.a(syscalls.o)
                0x001249a4                __syscall_getreent
 .text.__syscall_lock_acquire
                0x001249d4        0x4 C:/devkitPro/libctru/lib\libctru.a(syscalls.o)
                0x001249d4                __syscall_lock_acquire
 .text.__syscall_lock_release
                0x001249d8        0x4 C:/devkitPro/libctru/lib\libctru.a(syscalls.o)
                0x001249d8                __syscall_lock_release
 .text.__syscall_lock_acquire_recursive
                0x001249dc        0x4 C:/devkitPro/libctru/lib\libctru.a(syscalls.o)
                0x001249dc                __syscall_lock_acquire_recursive
 .text.__syscall_lock_release_recursive
                0x001249e0        0x4 C:/devkitPro/libctru/lib\libctru.a(syscalls.o)
                0x001249e0                __syscall_lock_release_recursive
 .text.__syscall_exit
                0x001249e4        0x4 C:/devkitPro/libctru/lib\libctru.a(syscalls.o)
                0x001249e4                __syscall_exit
 .text.initThreadVars
                0x001249e8       0x54 C:/devkitPro/libctru/lib\libctru.a(syscalls.o)
                0x001249e8                initThreadVars
 .text.__system_initSyscalls
                0x00124a3c       0x80 C:/devkitPro/libctru/lib\libctru.a(syscalls.o)
                0x00124a3c                __system_initSyscalls
 .text.svcControlMemory
                0x00124abc       0x20 C:/devkitPro/libctru/lib\libctru.a(svc.o)
                0x00124abc                svcControlMemory
 .text.svcQueryMemory
                0x00124adc       0x30 C:/devkitPro/libctru/lib\libctru.a(svc.o)
                0x00124adc                svcQueryMemory
 .text.svcExitProcess
                0x00124b0c        0x8 C:/devkitPro/libctru/lib\libctru.a(svc.o)
                0x00124b0c                svcExitProcess
 .text.svcCreateThread
                0x00124b14       0x20 C:/devkitPro/libctru/lib\libctru.a(svc.o)
                0x00124b14                svcCreateThread
 .text.svcExitThread
                0x00124b34        0x8 C:/devkitPro/libctru/lib\libctru.a(svc.o)
                0x00124b34                svcExitThread
 .text.svcSleepThread
                0x00124b3c        0x8 C:/devkitPro/libctru/lib\libctru.a(svc.o)
                0x00124b3c                svcSleepThread
 .text.svcReleaseMutex
                0x00124b44        0x8 C:/devkitPro/libctru/lib\libctru.a(svc.o)
                0x00124b44                svcReleaseMutex
 .text.svcCreateEvent
                0x00124b4c       0x14 C:/devkitPro/libctru/lib\libctru.a(svc.o)
                0x00124b4c                svcCreateEvent
 .text.svcSignalEvent
                0x00124b60        0x8 C:/devkitPro/libctru/lib\libctru.a(svc.o)
                0x00124b60                svcSignalEvent
 .text.svcClearEvent
                0x00124b68        0x8 C:/devkitPro/libctru/lib\libctru.a(svc.o)
                0x00124b68                svcClearEvent
 .text.svcCreateMemoryBlock
                0x00124b70       0x18 C:/devkitPro/libctru/lib\libctru.a(svc.o)
                0x00124b70                svcCreateMemoryBlock
 .text.svcMapMemoryBlock
                0x00124b88        0x8 C:/devkitPro/libctru/lib\libctru.a(svc.o)
                0x00124b88                svcMapMemoryBlock
 .text.svcUnmapMemoryBlock
                0x00124b90        0x8 C:/devkitPro/libctru/lib\libctru.a(svc.o)
                0x00124b90                svcUnmapMemoryBlock
 .text.svcCreateAddressArbiter
                0x00124b98       0x14 C:/devkitPro/libctru/lib\libctru.a(svc.o)
                0x00124b98                svcCreateAddressArbiter
 .text.svcArbitrateAddressNoTimeout
                0x00124bac        0x8 C:/devkitPro/libctru/lib\libctru.a(svc.o)
                0x00124bac                svcArbitrateAddressNoTimeout
 .text.svcCloseHandle
                0x00124bb4        0x8 C:/devkitPro/libctru/lib\libctru.a(svc.o)
                0x00124bb4                svcCloseHandle
 .text.svcWaitSynchronization
                0x00124bbc        0x8 C:/devkitPro/libctru/lib\libctru.a(svc.o)
                0x00124bbc                svcWaitSynchronization
 .text.svcWaitSynchronizationN
                0x00124bc4       0x28 C:/devkitPro/libctru/lib\libctru.a(svc.o)
                0x00124bc4                svcWaitSynchronizationN
 .text.svcDuplicateHandle
                0x00124bec       0x14 C:/devkitPro/libctru/lib\libctru.a(svc.o)
                0x00124bec                svcDuplicateHandle
 .text.svcGetSystemTick
                0x00124c00        0x8 C:/devkitPro/libctru/lib\libctru.a(svc.o)
                0x00124c00                svcGetSystemTick
 .text.svcConnectToPort
                0x00124c08       0x14 C:/devkitPro/libctru/lib\libctru.a(svc.o)
                0x00124c08                svcConnectToPort
 .text.svcSendSyncRequest
                0x00124c1c        0x8 C:/devkitPro/libctru/lib\libctru.a(svc.o)
                0x00124c1c                svcSendSyncRequest
 .text.svcGetResourceLimit
                0x00124c24       0x14 C:/devkitPro/libctru/lib\libctru.a(svc.o)
                0x00124c24                svcGetResourceLimit
 .text.svcGetResourceLimitLimitValues
                0x00124c38        0x8 C:/devkitPro/libctru/lib\libctru.a(svc.o)
                0x00124c38                svcGetResourceLimitLimitValues
 .text.svcGetResourceLimitCurrentValues
                0x00124c40        0x8 C:/devkitPro/libctru/lib\libctru.a(svc.o)
                0x00124c40                svcGetResourceLimitCurrentValues
 .text.svcBreak
                0x00124c48        0x8 C:/devkitPro/libctru/lib\libctru.a(svc.o)
                0x00124c48                svcBreak
 .text.initSystem
                0x00124c50       0x50 C:/devkitPro/libctru/lib\libctru.a(stack_adjust.o)
                0x00124c50                initSystem
 .text.__ctru_exit
                0x00124ca0       0x14 C:/devkitPro/libctru/lib\libctru.a(stack_adjust.o)
                0x00124ca0                __ctru_exit
 .text.envGetHandle
                0x00124cb4       0x8c C:/devkitPro/libctru/lib\libctru.a(env.o)
                0x00124cb4                envGetHandle
 .text.envDestroyHandles
                0x00124d40       0x50 C:/devkitPro/libctru/lib\libctru.a(env.o)
                0x00124d40                envDestroyHandles
 .text.srvInit  0x00124d90      0x164 C:/devkitPro/libctru/lib\libctru.a(srv.o)
                0x00124d90                srvInit
 .text.srvExit  0x00124ef4       0x64 C:/devkitPro/libctru/lib\libctru.a(srv.o)
                0x00124ef4                srvExit
 .text.srvEnableNotification
                0x00124f58       0x60 C:/devkitPro/libctru/lib\libctru.a(srv.o)
                0x00124f58                srvEnableNotification
 .text.srvGetServiceHandleDirect
                0x00124fb8       0xa0 C:/devkitPro/libctru/lib\libctru.a(srv.o)
                0x00124fb8                srvGetServiceHandleDirect
 .text.srvGetServiceHandle
                0x00125058       0x48 C:/devkitPro/libctru/lib\libctru.a(srv.o)
                0x00125058                srvGetServiceHandle
 .text.srvSubscribe
                0x001250a0       0x34 C:/devkitPro/libctru/lib\libctru.a(srv.o)
                0x001250a0                srvSubscribe
 .text.srvReceiveNotification
                0x001250d4       0x60 C:/devkitPro/libctru/lib\libctru.a(srv.o)
                0x001250d4                srvReceiveNotification
 .text.srvPublishToSubscriber
                0x00125134       0x38 C:/devkitPro/libctru/lib\libctru.a(srv.o)
                0x00125134                srvPublishToSubscriber
 .text.__sync_init
                0x0012516c        0xc C:/devkitPro/libctru/lib\libctru.a(synchronization.o)
                0x0012516c                __sync_init
 .text.__sync_fini
                0x00125178       0x18 C:/devkitPro/libctru/lib\libctru.a(synchronization.o)
                0x00125178                __sync_fini
 .text.syncArbitrateAddress
                0x00125190       0x28 C:/devkitPro/libctru/lib\libctru.a(synchronization.o)
                0x00125190                syncArbitrateAddress
 .text.LightLock_Lock
                0x001251b8       0xac C:/devkitPro/libctru/lib\libctru.a(synchronization.o)
                0x001251b8                LightLock_Lock
 .text.LightLock_Unlock
                0x00125264       0x40 C:/devkitPro/libctru/lib\libctru.a(synchronization.o)
                0x00125264                LightLock_Unlock
 .text.RecursiveLock_Lock
                0x001252a4       0x54 C:/devkitPro/libctru/lib\libctru.a(synchronization.o)
                0x001252a4                RecursiveLock_Lock
 .text.RecursiveLock_Unlock
                0x001252f8       0x54 C:/devkitPro/libctru/lib\libctru.a(synchronization.o)
                0x001252f8                RecursiveLock_Unlock
 .text.LightEvent_Init
                0x0012534c       0x44 C:/devkitPro/libctru/lib\libctru.a(synchronization.o)
                0x0012534c                LightEvent_Init
 .text.LightEvent_Clear
                0x00125390       0xb8 C:/devkitPro/libctru/lib\libctru.a(synchronization.o)
                0x00125390                LightEvent_Clear
 .text.LightEvent_Signal
                0x00125448       0xdc C:/devkitPro/libctru/lib\libctru.a(synchronization.o)
                0x00125448                LightEvent_Signal
 .text.LightEvent_TryWait
                0x00125524       0x50 C:/devkitPro/libctru/lib\libctru.a(synchronization.o)
                0x00125524                LightEvent_TryWait
 .text.LightEvent_Wait
                0x00125574       0xac C:/devkitPro/libctru/lib\libctru.a(synchronization.o)
                0x00125574                LightEvent_Wait
 .text.threadCreate
                0x00125620      0x1fc C:/devkitPro/libctru/lib\libctru.a(thread.o)
                0x00125620                threadCreate
 .text.threadFree
                0x0012581c       0x38 C:/devkitPro/libctru/lib\libctru.a(thread.o)
                0x0012581c                threadFree
 .text.threadJoin
                0x00125854       0x24 C:/devkitPro/libctru/lib\libctru.a(thread.o)
                0x00125854                threadJoin
 .text.threadGetCurrent
                0x00125878       0x30 C:/devkitPro/libctru/lib\libctru.a(thread.o)
                0x00125878                threadGetCurrent
 .text.threadExit
                0x001258a8       0x40 C:/devkitPro/libctru/lib\libctru.a(thread.o)
                0x001258a8                threadExit
 .text._thread_begin
                0x001258e8       0x20 C:/devkitPro/libctru/lib\libctru.a(thread.o)
 .text.mappableFindAddressWithin
                0x00125908       0x90 C:/devkitPro/libctru/lib\libctru.a(mappable.o)
 .text.mappableInit
                0x00125998       0x28 C:/devkitPro/libctru/lib\libctru.a(mappable.o)
                0x00125998                mappableInit
 .text.mappableAlloc
                0x001259c0       0x7c C:/devkitPro/libctru/lib\libctru.a(mappable.o)
                0x001259c0                mappableAlloc
 .text.mappableFree
                0x00125a3c        0x4 C:/devkitPro/libctru/lib\libctru.a(mappable.o)
                0x00125a3c                mappableFree
 .text.srvPmGetSessionHandle
                0x00125a40        0xc C:/devkitPro/libctru/lib\libctru.a(srvpm.o)
                0x00125a40                srvPmGetSessionHandle
 .text._net_convert_error
                0x00125a4c       0x3c C:/devkitPro/libctru/lib\libctru.a(soc_common.o)
                0x00125a4c                _net_convert_error
 .text.poll     0x00125a88      0x220 C:/devkitPro/libctru/lib\libctru.a(soc_poll.o)
                0x00125a88                poll
 .text.rbtree_node_next
                0x00125ca8       0x60 C:/devkitPro/libctru/lib\libctru.a(rbtree_iterator.o)
                0x00125ca8                rbtree_node_next
 .text.decode_utf16
                0x00125d08       0x54 C:/devkitPro/libctru/lib\libctru.a(decode_utf16.o)
                0x00125d08                decode_utf16
 .text.decode_utf8
                0x00125d5c      0x140 C:/devkitPro/libctru/lib\libctru.a(decode_utf8.o)
                0x00125d5c                decode_utf8
 .text.encode_utf16
                0x00125e9c       0x54 C:/devkitPro/libctru/lib\libctru.a(encode_utf16.o)
                0x00125e9c                encode_utf16
 .text.encode_utf8
                0x00125ef0       0xe0 C:/devkitPro/libctru/lib\libctru.a(encode_utf8.o)
                0x00125ef0                encode_utf8
 .text.__appExit
                0x00125fd0       0x30 C:/devkitPro/libctru/lib\libctru.a(appExit.o)
                0x00125fd0                __appExit
 .text.__appInit
                0x00126000       0x30 C:/devkitPro/libctru/lib\libctru.a(appInit.o)
                0x00126000                __appInit
 .text.__libctru_exit
                0x00126030       0x90 C:/devkitPro/libctru/lib\libctru.a(ctru_exit.o)
                0x00126030                __libctru_exit
 .text.archive_link
                0x001260c0       0x14 C:/devkitPro/libctru/lib\libctru.a(archive_dev.o)
 .text.archive_dirreset
                0x001260d4       0x14 C:/devkitPro/libctru/lib\libctru.a(archive_dev.o)
 .text.archive_chmod
                0x001260e8       0x14 C:/devkitPro/libctru/lib\libctru.a(archive_dev.o)
 .text.error_cmp
                0x001260fc       0x24 C:/devkitPro/libctru/lib\libctru.a(archive_dev.o)
 .text.archive_translate_error
                0x00126120       0x50 C:/devkitPro/libctru/lib\libctru.a(archive_dev.o)
 .text.archive_seek
                0x00126170       0xc0 C:/devkitPro/libctru/lib\libctru.a(archive_dev.o)
 .text._archiveInit.part.0
                0x00126230       0x78 C:/devkitPro/libctru/lib\libctru.a(archive_dev.o)
 .text.archiveFindDevice.part.0
                0x001262a8       0xd4 C:/devkitPro/libctru/lib\libctru.a(archive_dev.o)
 .text.archive_utf16path
                0x0012637c      0x298 C:/devkitPro/libctru/lib\libctru.a(archive_dev.o)
 .text._archiveUnmountDeviceStruct.part.0
                0x00126614       0x98 C:/devkitPro/libctru/lib\libctru.a(archive_dev.o)
 .text.archive_statvfs
                0x001266ac       0x14 C:/devkitPro/libctru/lib\libctru.a(archive_dev.o)
 .text.archive_fchmod
                0x001266c0       0x14 C:/devkitPro/libctru/lib\libctru.a(archive_dev.o)
 .text._archiveMountDevice
                0x001266d4      0x178 C:/devkitPro/libctru/lib\libctru.a(archive_dev.o)
 .text.archive_diropen
                0x0012684c       0xf8 C:/devkitPro/libctru/lib\libctru.a(archive_dev.o)
 .text.archive_fstat
                0x00126944       0xac C:/devkitPro/libctru/lib\libctru.a(archive_dev.o)
 .text.archive_fsync
                0x001269f0       0x74 C:/devkitPro/libctru/lib\libctru.a(archive_dev.o)
 .text.archive_close
                0x00126a64       0x74 C:/devkitPro/libctru/lib\libctru.a(archive_dev.o)
 .text.archive_dirclose